2025-09-03 14:09:53,336 - INFO - 🔄 加载模型: /Users/zhaoye/Desktop/1956_TI_Dataset/models/super_optimized_best_yolov8n.pt
2025-09-03 14:09:53,423 - INFO - ✅ 模型加载成功
2025-09-03 14:09:53,423 - INFO -    模型大小: 5.92 MB
2025-09-03 14:09:53,423 - INFO -    模型类型: YOLOv8n (超级优化版)
2025-09-03 14:09:53,423 - INFO - 🚀 启动完整的模型推理Pipeline
2025-09-03 14:09:53,423 - INFO - ============================================================
2025-09-03 14:09:53,423 - INFO - 📊 准备测试数据集...
2025-09-03 14:09:53,424 - INFO -    val集: 82张图像
2025-09-03 14:09:53,425 - INFO -    test集: 57张图像
2025-09-03 14:09:53,425 - INFO - 📈 总测试图像: 139张
2025-09-03 14:09:53,425 - INFO - 🚀 开始批量推理...
2025-09-03 14:09:53,425 - INFO - 🔍 处理val集...
2025-09-03 14:09:54,538 - INFO -    进度: 10/82 (12.2%)
2025-09-03 14:09:54,817 - INFO -    进度: 20/82 (24.4%)
2025-09-03 14:09:55,073 - INFO -    进度: 30/82 (36.6%)
2025-09-03 14:09:55,360 - INFO -    进度: 40/82 (48.8%)
2025-09-03 14:09:55,749 - INFO -    进度: 50/82 (61.0%)
2025-09-03 14:09:56,062 - INFO -    进度: 60/82 (73.2%)
2025-09-03 14:09:56,344 - INFO -    进度: 70/82 (85.4%)
2025-09-03 14:09:56,629 - INFO -    进度: 80/82 (97.6%)
2025-09-03 14:09:56,682 - INFO -    进度: 82/82 (100.0%)
2025-09-03 14:09:56,682 - INFO - ✅ val集完成:
2025-09-03 14:09:56,682 - INFO -    图像数: 82
2025-09-03 14:09:56,682 - INFO -    预测数: 142
2025-09-03 14:09:56,682 - INFO -    平均置信度: 0.890
2025-09-03 14:09:56,682 - INFO - 🔍 处理test集...
2025-09-03 14:09:56,980 - INFO -    进度: 10/57 (17.5%)
2025-09-03 14:09:57,277 - INFO -    进度: 20/57 (35.1%)
2025-09-03 14:09:57,533 - INFO -    进度: 30/57 (52.6%)
2025-09-03 14:09:57,841 - INFO -    进度: 40/57 (70.2%)
2025-09-03 14:09:58,136 - INFO -    进度: 50/57 (87.7%)
2025-09-03 14:09:58,351 - INFO -    进度: 57/57 (100.0%)
2025-09-03 14:09:58,351 - INFO - ✅ test集完成:
2025-09-03 14:09:58,351 - INFO -    图像数: 57
2025-09-03 14:09:58,351 - INFO -    预测数: 117
2025-09-03 14:09:58,351 - INFO -    平均置信度: 0.883
2025-09-03 14:09:58,351 - INFO - 🎉 批量推理完成!
2025-09-03 14:09:58,351 - INFO -    总图像数: 139
2025-09-03 14:09:58,351 - INFO -    总预测数: 259
2025-09-03 14:09:58,351 - INFO -    处理时间: 4.9秒
2025-09-03 14:09:58,351 - INFO -    处理速度: 28.2张/秒
2025-09-03 14:09:58,351 - INFO - 📊 评估模型性能...
2025-09-03 14:09:58,351 - INFO - 🔍 评估val集...
2025-09-03 14:10:13,946 - INFO - ✅ val集评估结果:
2025-09-03 14:10:13,947 - INFO -    mAP50: 0.9556
2025-09-03 14:10:13,947 - INFO -    mAP50-95: 0.8581
2025-09-03 14:10:13,947 - INFO -    Precision: 0.9140
2025-09-03 14:10:13,947 - INFO -    Recall: 0.9444
2025-09-03 14:10:13,947 - INFO -    F1-Score: 0.9289
2025-09-03 14:10:13,947 - INFO - 🔍 评估test集...
2025-09-03 14:10:18,794 - INFO - ✅ test集评估结果:
2025-09-03 14:10:18,794 - INFO -    mAP50: 0.9313
2025-09-03 14:10:18,794 - INFO -    mAP50-95: 0.8237
2025-09-03 14:10:18,794 - INFO -    Precision: 0.9418
2025-09-03 14:10:18,794 - INFO -    Recall: 0.8824
2025-09-03 14:10:18,794 - INFO -    F1-Score: 0.9111
2025-09-03 14:10:18,794 - INFO - 🎨 创建可视化结果...
2025-09-03 14:10:18,794 - INFO - 📸 创建预测示例图像...
2025-09-03 14:10:19,918 - INFO - ✅ 可视化结果创建完成
2025-09-03 14:10:19,919 - INFO - 📋 生成综合推理报告...
2025-09-03 14:10:19,922 - INFO - ✅ 综合报告已生成: /Users/zhaoye/Desktop/1956_TI_Dataset/inference_results/reports/comprehensive_inference_report_20250903_141019.json
2025-09-03 14:10:19,922 - INFO - 📝 文本摘要已生成: /Users/zhaoye/Desktop/1956_TI_Dataset/inference_results/reports/inference_summary_20250903_141019.txt
2025-09-03 14:10:19,922 - INFO - 🎉 完整推理Pipeline执行成功!
2025-09-03 14:10:19,922 - INFO - 📋 综合报告: /Users/zhaoye/Desktop/1956_TI_Dataset/inference_results/reports/comprehensive_inference_report_20250903_141019.json
2025-09-03 14:10:19,922 - INFO - 📁 结果目录: /Users/zhaoye/Desktop/1956_TI_Dataset/inference_results
