2025-09-03 15:11:20,582 - INFO - 🔄 加载模型: /Users/zhaoye/Desktop/1956_TI_Dataset/models/super_optimized_best_yolov8n.pt
2025-09-03 15:11:20,769 - INFO - ✅ 模型加载成功 (5.92 MB)
2025-09-03 15:11:20,769 - INFO - 🚀 启动1961 Multi数据集提取Pipeline
2025-09-03 15:11:20,769 - INFO - ================================================================================
2025-09-03 15:11:20,769 - INFO - 📂 扫描源目录: /Users/zhaoye/Desktop/1961 Multi
2025-09-03 15:11:20,770 - INFO - 📊 找到 23 个图像文件
2025-09-03 15:11:20,770 - INFO - 🚀 开始批量处理 23 个图像文件
2025-09-03 15:11:20,770 - INFO - 📦 批次大小: 25
2025-09-03 15:11:20,770 - INFO - 🎯 置信度阈值: 高≥0.7, 中≥0.4, 低≥0.25
2025-09-03 15:11:20,770 - INFO - 📦 处理批次 1/1 (23 个文件)
2025-09-03 15:11:23,397 - INFO -    批次进度: 5/23 (总进度: 21.7%)
2025-09-03 15:11:24,285 - INFO -    批次进度: 10/23 (总进度: 43.5%)
2025-09-03 15:11:25,644 - INFO -    批次进度: 15/23 (总进度: 65.2%)
2025-09-03 15:11:27,011 - INFO -    批次进度: 20/23 (总进度: 87.0%)
2025-09-03 15:11:30,278 - INFO -    批次进度: 23/23 (总进度: 100.0%)
2025-09-03 15:11:30,279 - INFO - ✅ 批次 1 完成: 23 成功, 0 失败, 43 个检测
2025-09-03 15:11:30,280 - INFO - 🎉 批量处理完成!
2025-09-03 15:11:30,280 - INFO - 📊 处理统计:
2025-09-03 15:11:30,280 - INFO -    总文件数: 23
2025-09-03 15:11:30,280 - INFO -    成功处理: 23
2025-09-03 15:11:30,280 - INFO -    处理失败: 0
2025-09-03 15:11:30,280 - INFO -    总检测数: 43
2025-09-03 15:11:30,280 - INFO -    高置信度: 18 个
2025-09-03 15:11:30,280 - INFO -    中置信度: 14 个
2025-09-03 15:11:30,280 - INFO -    低置信度: 11 个
2025-09-03 15:11:30,280 - INFO -    数据集质量分数: 69.1/100
2025-09-03 15:11:30,280 - INFO -    处理时间: 9.5 秒
2025-09-03 15:11:30,280 - INFO -    处理速度: 2.42 张/秒
2025-09-03 15:11:30,280 - INFO - 📋 创建数据集元数据...
2025-09-03 15:11:30,296 - INFO - ✅ 数据集元数据已生成: /Users/zhaoye/Desktop/1961 Multi_Extracted_Dataset/metadata/dataset_metadata_20250903_151130.json
2025-09-03 15:11:30,296 - INFO - 📝 README文件已生成: /Users/zhaoye/Desktop/1961 Multi_Extracted_Dataset/README.md
2025-09-03 15:11:30,296 - INFO - 🎉 数据集提取Pipeline执行成功!
2025-09-03 15:11:30,296 - INFO - 📋 数据集元数据: /Users/zhaoye/Desktop/1961 Multi_Extracted_Dataset/metadata/dataset_metadata_20250903_151130.json
2025-09-03 15:11:30,296 - INFO - 📁 数据集目录: /Users/zhaoye/Desktop/1961 Multi_Extracted_Dataset
