2025-09-03 14:17:40,467 - INFO - 🔄 加载模型: /Users/zhaoye/Desktop/1956_TI_Dataset/models/super_optimized_best_yolov8n.pt
2025-09-03 14:17:40,592 - INFO - ✅ 模型加载成功 (5.92 MB)
2025-09-03 14:17:40,592 - INFO - 🚀 启动真实世界图像提取Pipeline
2025-09-03 14:17:40,592 - INFO - ======================================================================
2025-09-03 14:17:40,592 - INFO - 📂 扫描源目录: /Users/zhaoye/Desktop/1961 TI
2025-09-03 14:17:40,596 - INFO - 📊 找到 230 个图像文件
2025-09-03 14:17:40,596 - INFO - 🚀 开始批量处理 230 个图像文件
2025-09-03 14:17:40,597 - INFO - 📦 批次大小: 50
2025-09-03 14:17:40,597 - INFO - 📦 处理批次 1/5 (50 个文件)
2025-09-03 14:17:43,023 - INFO -    批次进度: 10/50 (总进度: 4.3%)
2025-09-03 14:17:44,643 - INFO -    批次进度: 20/50 (总进度: 8.7%)
2025-09-03 14:17:47,007 - INFO -    批次进度: 30/50 (总进度: 13.0%)
2025-09-03 14:17:51,709 - INFO -    批次进度: 40/50 (总进度: 17.4%)
2025-09-03 14:17:53,405 - INFO -    批次进度: 50/50 (总进度: 21.7%)
2025-09-03 14:17:53,406 - INFO - ✅ 批次 1 完成: 50 成功, 0 失败, 106 个检测
2025-09-03 14:17:53,406 - INFO - 📦 处理批次 2/5 (50 个文件)
2025-09-03 14:17:55,409 - INFO -    批次进度: 10/50 (总进度: 26.1%)
2025-09-03 14:17:57,587 - INFO -    批次进度: 20/50 (总进度: 30.4%)
2025-09-03 14:17:59,120 - INFO -    批次进度: 30/50 (总进度: 34.8%)
2025-09-03 14:18:01,801 - INFO -    批次进度: 40/50 (总进度: 39.1%)
2025-09-03 14:18:04,303 - INFO -    批次进度: 50/50 (总进度: 43.5%)
2025-09-03 14:18:04,305 - INFO - ✅ 批次 2 完成: 50 成功, 0 失败, 81 个检测
2025-09-03 14:18:04,305 - INFO - 📦 处理批次 3/5 (50 个文件)
2025-09-03 14:18:09,713 - INFO -    批次进度: 10/50 (总进度: 47.8%)
2025-09-03 14:18:11,981 - INFO -    批次进度: 20/50 (总进度: 52.2%)
2025-09-03 14:18:16,145 - INFO -    批次进度: 30/50 (总进度: 56.5%)
2025-09-03 14:18:18,581 - INFO -    批次进度: 40/50 (总进度: 60.9%)
2025-09-03 14:18:20,565 - INFO -    批次进度: 50/50 (总进度: 65.2%)
2025-09-03 14:18:20,565 - INFO - ✅ 批次 3 完成: 50 成功, 0 失败, 96 个检测
2025-09-03 14:18:20,565 - INFO - 📦 处理批次 4/5 (50 个文件)
2025-09-03 14:18:22,675 - INFO -    批次进度: 10/50 (总进度: 69.6%)
2025-09-03 14:18:28,246 - INFO -    批次进度: 20/50 (总进度: 73.9%)
2025-09-03 14:18:31,962 - INFO -    批次进度: 30/50 (总进度: 78.3%)
2025-09-03 14:18:34,069 - INFO -    批次进度: 40/50 (总进度: 82.6%)
2025-09-03 14:18:36,157 - INFO -    批次进度: 50/50 (总进度: 87.0%)
2025-09-03 14:18:36,157 - INFO - ✅ 批次 4 完成: 50 成功, 0 失败, 97 个检测
2025-09-03 14:18:36,157 - INFO - 📦 处理批次 5/5 (30 个文件)
2025-09-03 14:18:37,935 - INFO -    批次进度: 10/30 (总进度: 91.3%)
2025-09-03 14:18:39,619 - INFO -    批次进度: 20/30 (总进度: 95.7%)
2025-09-03 14:18:41,092 - INFO -    批次进度: 30/30 (总进度: 100.0%)
2025-09-03 14:18:41,092 - INFO - ✅ 批次 5 完成: 30 成功, 0 失败, 46 个检测
2025-09-03 14:18:41,093 - INFO - 🎉 批量处理完成!
2025-09-03 14:18:41,093 - INFO - 📊 处理统计:
2025-09-03 14:18:41,093 - INFO -    总文件数: 230
2025-09-03 14:18:41,093 - INFO -    成功处理: 230
2025-09-03 14:18:41,093 - INFO -    处理失败: 0
2025-09-03 14:18:41,093 - INFO -    总检测数: 426
2025-09-03 14:18:41,093 - INFO -    提取图像数: 426
2025-09-03 14:18:41,093 - INFO -    处理时间: 60.5 秒
2025-09-03 14:18:41,093 - INFO -    处理速度: 3.80 张/秒
2025-09-03 14:18:41,094 - INFO - 📋 生成提取报告...
2025-09-03 14:18:41,119 - INFO - ✅ 提取报告已生成: /Users/zhaoye/Desktop/1961 TI_Extracted/reports/extraction_report_20250903_141841.json
2025-09-03 14:18:41,119 - INFO - 📝 文本摘要已生成: /Users/zhaoye/Desktop/1961 TI_Extracted/reports/extraction_summary_20250903_141841.txt
2025-09-03 14:18:41,119 - INFO - 🎉 图像提取Pipeline执行成功!
2025-09-03 14:18:41,119 - INFO - 📋 详细报告: /Users/zhaoye/Desktop/1961 TI_Extracted/reports/extraction_report_20250903_141841.json
2025-09-03 14:18:41,119 - INFO - 📁 输出目录: /Users/zhaoye/Desktop/1961 TI_Extracted
