2025-09-03 12:36:48,166 - INFO - 🖥️ 计算设备: Apple M2 MPS GPU
2025-09-03 12:36:48,166 - INFO - 🚀============================================================
2025-09-03 12:36:48,166 - INFO - 🚀 启动超级优化训练系统
2025-09-03 12:36:48,166 - INFO - 🚀============================================================
2025-09-03 12:36:48,166 - INFO - 🔄 开始图像预处理优化...
2025-09-03 12:37:08,568 - INFO - ✅ 图像预处理完成:
2025-09-03 12:37:08,569 - INFO -    处理图像数: 247
2025-09-03 12:37:08,570 - INFO -    原始大小: 1181.8 MB
2025-09-03 12:37:08,570 - INFO -    优化大小: 55.3 MB
2025-09-03 12:37:08,570 - INFO -    压缩比: 95.3%
2025-09-03 12:37:08,571 - INFO - 📝 优化配置文件: /Users/zhaoye/Desktop/1956_TI_Dataset/optimized_dataset_config.yaml
2025-09-03 12:37:08,571 - INFO - 📊 优化训练时间预估
2025-09-03 12:37:08,571 - INFO - ⚡ 模型: YOLOv8n (超轻量)
2025-09-03 12:37:08,571 - INFO - 🖥️ 设备: MPS
2025-09-03 12:37:08,571 - INFO - 📏 分辨率: 416×416 (优化)
2025-09-03 12:37:08,571 - INFO - 📈 预估轮数: 25 (激进early stop)
2025-09-03 12:37:08,571 - INFO - ⏱️ 预估时间: 1.2分钟
2025-09-03 12:37:08,574 - INFO - 💾 配置已保存: /Users/zhaoye/Desktop/1956_TI_Dataset/models/super_optimized_config_yolov8n.json
2025-09-03 12:37:08,862 - INFO - 🎯 模型: yolov8n.pt (6.5MB)
2025-09-03 12:37:08,862 - INFO - ⏰ 超时设置: 15.0分钟
2025-09-03 12:37:08,862 - INFO - 🛑 Early Stop: 8轮无改善自动停止
2025-09-03 12:37:08,862 - INFO - 📏 训练分辨率: 416×416
2025-09-03 12:37:08,862 - INFO - 📦 批次大小: 2
2025-09-03 12:37:08,862 - INFO - 🏁 开始超级优化训练...
2025-09-03 12:52:08,532 - WARNING - ⚠️ 训练超时！已运行15.0分钟
2025-09-03 12:52:13,571 - INFO - 🛑 训练进程已强制停止
2025-09-03 13:57:37,839 - WARNING - ⚠️ 训练因超时停止 (80.8分钟)
2025-09-03 13:57:37,845 - INFO - 💾 优化模型已保存: /Users/zhaoye/Desktop/1956_TI_Dataset/models/super_optimized_best_yolov8n.pt (5.92 MB)
2025-09-03 13:57:37,870 - INFO - 📊 训练指标:
2025-09-03 13:57:37,870 - INFO -    总轮数: 48
2025-09-03 13:57:37,870 - INFO -    最佳mAP50: 0.9602
2025-09-03 13:57:37,870 - INFO -    收敛轮次: 36
2025-09-03 13:57:37,871 - INFO - 🚀 速度提升分析:
2025-09-03 13:57:37,871 - INFO -    原始预估: 30分钟
2025-09-03 13:57:37,871 - INFO -    实际用时: 80.8分钟
2025-09-03 13:57:37,871 - INFO -    速度提升: 0.4倍
2025-09-03 13:57:37,871 - INFO -    节省时间: -50.8分钟
2025-09-03 13:57:37,871 - ERROR - 超级优化训练系统出错: Object of type PosixPath is not JSON serializable
