2025-09-03 16:32:35,555 - INFO - 🔄 加载模型: /Users/zhaoye/Desktop/1956_TI_Dataset/models/super_optimized_best_yolov8n.pt
2025-09-03 16:32:35,697 - INFO - ✅ 模型加载成功 (5.92 MB)
2025-09-03 16:32:35,697 - INFO - 🚀 启动1960 Multi综合数据集提取Pipeline
2025-09-03 16:32:35,697 - INFO - ======================================================================
2025-09-03 16:32:35,697 - INFO - 📂 扫描源目录: /Users/zhaoye/Desktop/1960 Multi
2025-09-03 16:32:35,699 - INFO - 📊 找到 73 个图像文件
2025-09-03 16:32:35,699 - INFO - 📋 Issue分布: 12 个不同的Issue
2025-09-03 16:32:35,699 - INFO -    1960_Issue-1: 4 张图像
2025-09-03 16:32:35,699 - INFO -    1960_Issue-10: 6 张图像
2025-09-03 16:32:35,699 - INFO -    1960_Issue-11: 4 张图像
2025-09-03 16:32:35,699 - INFO -    1960_Issue-12: 7 张图像
2025-09-03 16:32:35,699 - INFO -    1960_Issue-2: 12 张图像
2025-09-03 16:32:35,699 - INFO -    1960_Issue-3: 9 张图像
2025-09-03 16:32:35,699 - INFO -    1960_Issue-4: 3 张图像
2025-09-03 16:32:35,699 - INFO -    1960_Issue-5: 12 张图像
2025-09-03 16:32:35,699 - INFO -    1960_Issue-6: 3 张图像
2025-09-03 16:32:35,699 - INFO -    1960_Issue-7: 3 张图像
2025-09-03 16:32:35,699 - INFO -    1960_Issue-8: 7 张图像
2025-09-03 16:32:35,699 - INFO -    1960_Issue-9: 3 张图像
2025-09-03 16:32:35,699 - INFO - 🚀 开始批量处理 73 个图像文件
2025-09-03 16:32:35,699 - INFO - 📦 批次大小: 20
2025-09-03 16:32:35,699 - INFO - 🎯 置信度阈值: 顶级≥0.9, 卓越≥0.8, 高≥0.6, 良好≥0.4, 低≥0.25
2025-09-03 16:32:35,699 - INFO - 📦 处理批次 1/4 (20 个文件)
2025-09-03 16:32:39,044 - INFO -    批次进度: 10/20 (总进度: 13.7%, 速度: 2.99张/秒)
2025-09-03 16:32:41,005 - INFO -    批次进度: 20/20 (总进度: 27.4%, 速度: 3.77张/秒)
2025-09-03 16:32:41,006 - INFO - ✅ 批次 1 完成: 20 成功, 0 失败, 54 个检测, 用时: 5.3秒
2025-09-03 16:32:41,006 - INFO - 📦 处理批次 2/4 (20 个文件)
2025-09-03 16:32:42,884 - INFO -    批次进度: 10/20 (总进度: 41.1%, 速度: 4.18张/秒)
2025-09-03 16:32:44,992 - INFO -    批次进度: 20/20 (总进度: 54.8%, 速度: 4.30张/秒)
2025-09-03 16:32:44,992 - INFO - ✅ 批次 2 完成: 20 成功, 0 失败, 34 个检测, 用时: 4.0秒
2025-09-03 16:32:44,992 - INFO - 📦 处理批次 3/4 (20 个文件)
2025-09-03 16:32:47,237 - INFO -    批次进度: 10/20 (总进度: 68.5%, 速度: 4.33张/秒)
2025-09-03 16:32:49,356 - INFO -    批次进度: 20/20 (总进度: 82.2%, 速度: 4.39张/秒)
2025-09-03 16:32:49,356 - INFO - ✅ 批次 3 完成: 20 成功, 0 失败, 38 个检测, 用时: 4.4秒
2025-09-03 16:32:49,356 - INFO - 📦 处理批次 4/4 (13 个文件)
2025-09-03 16:32:51,352 - INFO -    批次进度: 10/13 (总进度: 95.9%, 速度: 4.47张/秒)
2025-09-03 16:32:52,241 - INFO -    批次进度: 13/13 (总进度: 100.0%, 速度: 4.41张/秒)
2025-09-03 16:32:52,241 - INFO - ✅ 批次 4 完成: 13 成功, 0 失败, 23 个检测, 用时: 2.9秒
2025-09-03 16:32:52,241 - INFO - 🎉 批量处理完成!
2025-09-03 16:32:52,241 - INFO - 📊 处理统计:
2025-09-03 16:32:52,241 - INFO -    总文件数: 73
2025-09-03 16:32:52,241 - INFO -    成功处理: 73 (100.0%)
2025-09-03 16:32:52,241 - INFO -    处理失败: 0
2025-09-03 16:32:52,241 - INFO -    总检测数: 149
2025-09-03 16:32:52,241 - INFO -    顶级置信度: 38 个
2025-09-03 16:32:52,241 - INFO -    卓越置信度: 23 个
2025-09-03 16:32:52,241 - INFO -    高置信度: 21 个
2025-09-03 16:32:52,241 - INFO -    良好置信度: 31 个
2025-09-03 16:32:52,241 - INFO -    低置信度: 36 个
2025-09-03 16:32:52,241 - INFO -    数据集质量分数: 64.5/100
2025-09-03 16:32:52,241 - INFO -    处理时间: 16.5 秒 (0.3 分钟)
2025-09-03 16:32:52,241 - INFO -    处理速度: 4.41 张/秒
2025-09-03 16:32:52,241 - INFO - 📋 创建1960 Multi综合数据集元数据...
2025-09-03 16:32:52,262 - INFO - ✅ 综合数据集元数据已生成: /Users/zhaoye/Desktop/1960 Multi_Extracted_Dataset/metadata/comprehensive_metadata_20250903_163252.json
2025-09-03 16:32:52,262 - INFO - 📝 详细README文件已生成: /Users/zhaoye/Desktop/1960 Multi_Extracted_Dataset/README.md
2025-09-03 16:32:52,263 - INFO - 📊 Issue分析报告已生成: /Users/zhaoye/Desktop/1960 Multi_Extracted_Dataset/issue_analysis/issue_performance_report.json
2025-09-03 16:32:52,263 - INFO - 🏆 质量分析报告已生成: /Users/zhaoye/Desktop/1960 Multi_Extracted_Dataset/quality_reports/dataset_quality_report.json
2025-09-03 16:32:52,263 - INFO - 🎉 1960 Multi综合数据集提取Pipeline执行成功!
2025-09-03 16:32:52,263 - INFO - 📋 综合元数据: /Users/zhaoye/Desktop/1960 Multi_Extracted_Dataset/metadata/comprehensive_metadata_20250903_163252.json
2025-09-03 16:32:52,263 - INFO - 📁 数据集目录: /Users/zhaoye/Desktop/1960 Multi_Extracted_Dataset
