2025-09-03 15:45:25,632 - INFO - 🔄 加载模型: /Users/zhaoye/Desktop/1956_TI_Dataset/models/super_optimized_best_yolov8n.pt
2025-09-03 15:45:25,748 - INFO - ✅ 模型加载成功 (5.92 MB)
2025-09-03 15:45:25,749 - INFO - 🚀 启动1959 TI超大规模综合数据集提取Pipeline
2025-09-03 15:45:25,749 - INFO - ================================================================================
2025-09-03 15:45:25,749 - INFO - 📂 递归扫描源目录: /Users/zhaoye/Desktop/1959 TI
2025-09-03 15:45:25,752 - INFO -    📁 1959 2: 241 个图像文件
2025-09-03 15:45:25,755 - INFO -    📁 1959 1: 317 个图像文件
2025-09-03 15:45:25,755 - INFO - 📊 总计找到 558 个图像文件，分布在 2 个文件夹中
2025-09-03 15:45:25,755 - INFO - 🚀 开始综合处理所有子文件夹
2025-09-03 15:45:25,755 - INFO - 📦 批次大小: 50
2025-09-03 15:45:25,755 - INFO - 🎯 置信度阈值: 卓越≥0.9, 高≥0.7, 良好≥0.5, 中≥0.3, 低≥0.25
2025-09-03 15:45:25,755 - INFO - 
📁 处理文件夹: 1959 2 (241 个图像)
2025-09-03 15:45:25,755 - INFO -    📦 1959 2 批次 1/5 (50 个文件)
2025-09-03 15:45:32,451 - INFO -       进度: 25/50 (总进度: 4.5%, 速度: 3.73张/秒)
2025-09-03 15:45:37,778 - INFO -       进度: 50/50 (总进度: 9.0%, 速度: 4.16张/秒)
2025-09-03 15:45:37,779 - INFO -    ✅ 批次完成: 50 成功, 0 失败, 94 个检测, 用时: 12.0秒
2025-09-03 15:45:37,779 - INFO -    📦 1959 2 批次 2/5 (50 个文件)
2025-09-03 15:45:43,380 - INFO -       进度: 25/50 (总进度: 13.4%, 速度: 4.26张/秒)
2025-09-03 15:45:49,136 - INFO -       进度: 50/50 (总进度: 17.9%, 速度: 4.28张/秒)
2025-09-03 15:45:49,138 - INFO -    ✅ 批次完成: 50 成功, 0 失败, 87 个检测, 用时: 11.4秒
2025-09-03 15:45:49,138 - INFO -    📦 1959 2 批次 3/5 (50 个文件)
2025-09-03 15:45:54,672 - INFO -       进度: 25/50 (总进度: 22.4%, 速度: 4.32张/秒)
2025-09-03 15:46:00,254 - INFO -       进度: 50/50 (总进度: 26.9%, 速度: 4.35张/秒)
2025-09-03 15:46:00,254 - INFO -    ✅ 批次完成: 50 成功, 0 失败, 68 个检测, 用时: 11.1秒
2025-09-03 15:46:00,254 - INFO -    📦 1959 2 批次 4/5 (50 个文件)
2025-09-03 15:46:04,999 - INFO -       进度: 25/50 (总进度: 31.4%, 速度: 4.46张/秒)
2025-09-03 15:46:10,519 - INFO -       进度: 50/50 (总进度: 35.8%, 速度: 4.47张/秒)
2025-09-03 15:46:10,520 - INFO -    ✅ 批次完成: 50 成功, 0 失败, 73 个检测, 用时: 10.3秒
2025-09-03 15:46:10,520 - INFO -    📦 1959 2 批次 5/5 (41 个文件)
2025-09-03 15:46:15,342 - INFO -       进度: 25/41 (总进度: 40.3%, 速度: 4.54张/秒)
2025-09-03 15:46:18,830 - INFO -       进度: 41/41 (总进度: 43.2%, 速度: 4.54张/秒)
2025-09-03 15:46:18,831 - INFO -    ✅ 批次完成: 41 成功, 0 失败, 76 个检测, 用时: 8.3秒
2025-09-03 15:46:18,831 - INFO - ✅ 文件夹 1959 2 完成: 241/241 成功, 398 个检测
2025-09-03 15:46:18,831 - INFO - 
📁 处理文件夹: 1959 1 (317 个图像)
2025-09-03 15:46:18,831 - INFO -    📦 1959 1 批次 1/7 (50 个文件)
2025-09-03 15:46:22,720 - INFO -       进度: 25/50 (总进度: 47.7%, 速度: 4.67张/秒)
2025-09-03 15:46:27,355 - INFO -       进度: 50/50 (总进度: 52.2%, 速度: 4.72张/秒)
2025-09-03 15:46:27,355 - INFO -    ✅ 批次完成: 50 成功, 0 失败, 73 个检测, 用时: 8.5秒
2025-09-03 15:46:27,355 - INFO -    📦 1959 1 批次 2/7 (50 个文件)
2025-09-03 15:46:32,268 - INFO -       进度: 25/50 (总进度: 56.6%, 速度: 4.75张/秒)
2025-09-03 15:46:37,449 - INFO -       进度: 50/50 (总进度: 61.1%, 速度: 4.76张/秒)
2025-09-03 15:46:37,450 - INFO -    ✅ 批次完成: 50 成功, 0 失败, 74 个检测, 用时: 10.1秒
2025-09-03 15:46:37,450 - INFO -    📦 1959 1 批次 3/7 (50 个文件)
2025-09-03 15:46:42,987 - INFO -       进度: 25/50 (总进度: 65.6%, 速度: 4.74张/秒)
2025-09-03 15:46:48,802 - INFO -       进度: 50/50 (总进度: 70.1%, 速度: 4.71张/秒)
2025-09-03 15:46:48,802 - INFO -    ✅ 批次完成: 50 成功, 0 失败, 91 个检测, 用时: 11.4秒
2025-09-03 15:46:48,802 - INFO -    📦 1959 1 批次 4/7 (50 个文件)
2025-09-03 15:46:54,029 - INFO -       进度: 25/50 (总进度: 74.6%, 速度: 4.71张/秒)
2025-09-03 15:46:58,713 - INFO -       进度: 50/50 (总进度: 79.0%, 速度: 4.74张/秒)
2025-09-03 15:46:58,713 - INFO -    ✅ 批次完成: 50 成功, 0 失败, 92 个检测, 用时: 9.9秒
2025-09-03 15:46:58,713 - INFO -    📦 1959 1 批次 5/7 (50 个文件)
2025-09-03 15:47:03,914 - INFO -       进度: 25/50 (总进度: 83.5%, 速度: 4.75张/秒)
2025-09-03 15:47:08,984 - INFO -       进度: 50/50 (总进度: 88.0%, 速度: 4.76张/秒)
2025-09-03 15:47:08,984 - INFO -    ✅ 批次完成: 50 成功, 0 失败, 88 个检测, 用时: 10.3秒
2025-09-03 15:47:08,984 - INFO -    📦 1959 1 批次 6/7 (50 个文件)
2025-09-03 15:47:14,513 - INFO -       进度: 25/50 (总进度: 92.5%, 速度: 4.74张/秒)
2025-09-03 15:47:19,641 - INFO -       进度: 50/50 (总进度: 97.0%, 速度: 4.75张/秒)
2025-09-03 15:47:19,642 - INFO -    ✅ 批次完成: 50 成功, 0 失败, 66 个检测, 用时: 10.7秒
2025-09-03 15:47:19,642 - INFO -    📦 1959 1 批次 7/7 (17 个文件)
2025-09-03 15:47:22,920 - INFO -       进度: 17/17 (总进度: 100.0%, 速度: 4.76张/秒)
2025-09-03 15:47:22,920 - INFO -    ✅ 批次完成: 17 成功, 0 失败, 23 个检测, 用时: 3.3秒
2025-09-03 15:47:22,920 - INFO - ✅ 文件夹 1959 1 完成: 317/317 成功, 507 个检测
2025-09-03 15:47:22,920 - INFO - 
🎉 综合处理完成!
2025-09-03 15:47:22,920 - INFO - 📊 最终统计:
2025-09-03 15:47:22,920 - INFO -    总文件数: 558
2025-09-03 15:47:22,920 - INFO -    成功处理: 558 (100.0%)
2025-09-03 15:47:22,920 - INFO -    处理失败: 0
2025-09-03 15:47:22,920 - INFO -    总检测数: 905
2025-09-03 15:47:22,920 - INFO -    卓越置信度: 328 个
2025-09-03 15:47:22,920 - INFO -    高置信度: 180 个
2025-09-03 15:47:22,920 - INFO -    良好置信度: 148 个
2025-09-03 15:47:22,920 - INFO -    中等置信度: 190 个
2025-09-03 15:47:22,920 - INFO -    低置信度: 59 个
2025-09-03 15:47:22,920 - INFO -    数据集质量分数: 75.3/100
2025-09-03 15:47:22,920 - INFO -    总处理时间: 117.2 秒 (2.0 分钟)
2025-09-03 15:47:22,920 - INFO -    处理速度: 4.76 张/秒
2025-09-03 15:47:22,920 - INFO - 📋 创建超大规模数据集综合元数据...
2025-09-03 15:47:22,946 - INFO - ✅ 综合数据集元数据已生成: /Users/zhaoye/Desktop/1959 TI_Extracted_Dataset/metadata/comprehensive_metadata_20250903_154722.json
2025-09-03 15:47:22,946 - INFO - 📝 详细README文件已生成: /Users/zhaoye/Desktop/1959 TI_Extracted_Dataset/README.md
2025-09-03 15:47:22,946 - INFO - 🗂️ 源文件夹映射已生成: /Users/zhaoye/Desktop/1959 TI_Extracted_Dataset/source_mapping/source_to_extracted_mapping.json
2025-09-03 15:47:22,946 - INFO - 🎉 超大规模综合数据集提取Pipeline执行成功!
2025-09-03 15:47:22,946 - INFO - 📋 综合元数据: /Users/zhaoye/Desktop/1959 TI_Extracted_Dataset/metadata/comprehensive_metadata_20250903_154722.json
2025-09-03 15:47:22,946 - INFO - 📁 数据集目录: /Users/zhaoye/Desktop/1959 TI_Extracted_Dataset
