2025-09-08 16:24:56,637 - INFO - 🔄 加载模型: /Users/zhaoye/Desktop/1956_TI_Dataset/models/super_optimized_best_yolov8n.pt
2025-09-08 16:24:56,758 - INFO - ✅ 模型加载成功 (5.92 MB)
2025-09-08 16:24:56,758 - INFO - 🚀 启动1958 Multi综合数据集提取Pipeline
2025-09-08 16:24:56,758 - INFO - ======================================================================
2025-09-08 16:24:56,758 - INFO - 📂 扫描源目录: /Users/zhaoye/Desktop/1958 Multi
2025-09-08 16:24:56,761 - INFO - 📊 找到 137 个图像文件
2025-09-08 16:24:56,761 - INFO - 📋 Issue分布: 12 个不同的Issue
2025-09-08 16:24:56,761 - INFO -    1958_Issue-1: 6 张图像
2025-09-08 16:24:56,761 - INFO -    1958_Issue-10: 18 张图像
2025-09-08 16:24:56,761 - INFO -    1958_Issue-11: 19 张图像
2025-09-08 16:24:56,761 - INFO -    1958_Issue-12: 9 张图像
2025-09-08 16:24:56,761 - INFO -    1958_Issue-2: 8 张图像
2025-09-08 16:24:56,761 - INFO -    1958_Issue-3: 17 张图像
2025-09-08 16:24:56,761 - INFO -    1958_Issue-4: 6 张图像
2025-09-08 16:24:56,761 - INFO -    1958_Issue-5: 8 张图像
2025-09-08 16:24:56,761 - INFO -    1958_Issue-6: 15 张图像
2025-09-08 16:24:56,761 - INFO -    1958_Issue-7: 12 张图像
2025-09-08 16:24:56,761 - INFO -    1958_Issue-8: 4 张图像
2025-09-08 16:24:56,761 - INFO -    1958_Issue-9: 15 张图像
2025-09-08 16:24:56,761 - INFO - 🚀 开始批量处理 137 个图像文件
2025-09-08 16:24:56,761 - INFO - 📦 批次大小: 20
2025-09-08 16:24:56,761 - INFO - 🎯 置信度阈值: 顶级≥0.9, 卓越≥0.8, 高≥0.65, 良好≥0.45, 低≥0.25
2025-09-08 16:24:56,761 - INFO - 📦 处理批次 1/7 (20 个文件)
2025-09-08 16:24:59,671 - INFO -    批次进度: 10/20 (总进度: 7.3%, 速度: 3.44张/秒)
2025-09-08 16:25:01,318 - INFO -    批次进度: 20/20 (总进度: 14.6%, 速度: 4.39张/秒)
2025-09-08 16:25:01,318 - INFO - ✅ 批次 1 完成: 20 成功, 0 失败, 42 个检测, 用时: 4.6秒
2025-09-08 16:25:01,318 - INFO - 📦 处理批次 2/7 (20 个文件)
2025-09-08 16:25:03,251 - INFO -    批次进度: 10/20 (总进度: 21.9%, 速度: 4.62张/秒)
2025-09-08 16:25:04,865 - INFO -    批次进度: 20/20 (总进度: 29.2%, 速度: 4.94张/秒)
2025-09-08 16:25:04,866 - INFO - ✅ 批次 2 完成: 20 成功, 0 失败, 47 个检测, 用时: 3.5秒
2025-09-08 16:25:04,866 - INFO - 📦 处理批次 3/7 (20 个文件)
2025-09-08 16:25:10,596 - INFO -    批次进度: 10/20 (总进度: 36.5%, 速度: 3.61张/秒)
2025-09-08 16:25:12,708 - INFO -    批次进度: 20/20 (总进度: 43.8%, 速度: 3.76张/秒)
2025-09-08 16:25:12,708 - INFO - ✅ 批次 3 完成: 20 成功, 0 失败, 41 个检测, 用时: 7.8秒
2025-09-08 16:25:12,708 - INFO - 📦 处理批次 4/7 (20 个文件)
2025-09-08 16:25:14,557 - INFO -    批次进度: 10/20 (总进度: 51.1%, 速度: 3.93张/秒)
2025-09-08 16:25:17,307 - INFO -    批次进度: 20/20 (总进度: 58.4%, 速度: 3.89张/秒)
2025-09-08 16:25:17,308 - INFO - ✅ 批次 4 完成: 20 成功, 0 失败, 49 个检测, 用时: 4.6秒
2025-09-08 16:25:17,308 - INFO - 📦 处理批次 5/7 (20 个文件)
2025-09-08 16:25:19,135 - INFO -    批次进度: 10/20 (总进度: 65.7%, 速度: 4.02张/秒)
2025-09-08 16:25:20,926 - INFO -    批次进度: 20/20 (总进度: 73.0%, 速度: 4.14张/秒)
2025-09-08 16:25:20,927 - INFO - ✅ 批次 5 完成: 20 成功, 0 失败, 56 个检测, 用时: 3.6秒
2025-09-08 16:25:20,927 - INFO - 📦 处理批次 6/7 (20 个文件)
2025-09-08 16:25:30,205 - INFO -    批次进度: 10/20 (总进度: 80.3%, 速度: 3.29张/秒)
2025-09-08 16:25:32,388 - INFO -    批次进度: 20/20 (总进度: 87.6%, 速度: 3.37张/秒)
2025-09-08 16:25:32,388 - INFO - ✅ 批次 6 完成: 20 成功, 0 失败, 51 个检测, 用时: 11.5秒
2025-09-08 16:25:32,388 - INFO - 📦 处理批次 7/7 (17 个文件)
2025-09-08 16:25:34,250 - INFO -    批次进度: 10/17 (总进度: 94.9%, 速度: 3.47张/秒)
2025-09-08 16:25:35,386 - INFO -    批次进度: 17/17 (总进度: 100.0%, 速度: 3.55张/秒)
2025-09-08 16:25:35,386 - INFO - ✅ 批次 7 完成: 17 成功, 0 失败, 33 个检测, 用时: 3.0秒
2025-09-08 16:25:35,386 - INFO - 🎉 批量处理完成!
2025-09-08 16:25:35,386 - INFO - 📊 处理统计:
2025-09-08 16:25:35,386 - INFO -    总文件数: 137
2025-09-08 16:25:35,386 - INFO -    成功处理: 137 (100.0%)
2025-09-08 16:25:35,386 - INFO -    处理失败: 0
2025-09-08 16:25:35,386 - INFO -    总检测数: 319
2025-09-08 16:25:35,386 - INFO -    顶级置信度: 93 个
2025-09-08 16:25:35,386 - INFO -    卓越置信度: 46 个
2025-09-08 16:25:35,386 - INFO -    高置信度: 52 个
2025-09-08 16:25:35,386 - INFO -    良好置信度: 56 个
2025-09-08 16:25:35,386 - INFO -    低置信度: 72 个
2025-09-08 16:25:35,386 - INFO -    数据集质量分数: 69.7/100
2025-09-08 16:25:35,386 - INFO -    处理时间: 38.6 秒 (0.6 分钟)
2025-09-08 16:25:35,386 - INFO -    处理速度: 3.55 张/秒
2025-09-08 16:25:35,387 - INFO - 📋 创建1958 Multi综合数据集元数据...
2025-09-08 16:25:35,400 - INFO - ✅ 综合数据集元数据已生成: /Users/zhaoye/Desktop/1958 Multi_Extracted_Dataset/metadata/comprehensive_metadata_20250908_162535.json
2025-09-08 16:25:35,400 - INFO - 📝 详细README文件已生成: /Users/zhaoye/Desktop/1958 Multi_Extracted_Dataset/README.md
2025-09-08 16:25:35,400 - INFO - 📊 Issue分析报告已生成: /Users/zhaoye/Desktop/1958 Multi_Extracted_Dataset/issue_analysis/issue_performance_report.json
2025-09-08 16:25:35,401 - INFO - 🏆 质量分析报告已生成: /Users/zhaoye/Desktop/1958 Multi_Extracted_Dataset/quality_reports/dataset_quality_report.json
2025-09-08 16:25:35,401 - INFO - 🎉 1958 Multi综合数据集提取Pipeline执行成功!
2025-09-08 16:25:35,401 - INFO - 📋 综合元数据: /Users/zhaoye/Desktop/1958 Multi_Extracted_Dataset/metadata/comprehensive_metadata_20250908_162535.json
2025-09-08 16:25:35,401 - INFO - 📁 数据集目录: /Users/zhaoye/Desktop/1958 Multi_Extracted_Dataset
