2025-09-03 16:20:13,319 - INFO - 🔄 加载模型: /Users/zhaoye/Desktop/1956_TI_Dataset/models/super_optimized_best_yolov8n.pt
2025-09-03 16:20:13,453 - INFO - ✅ 模型加载成功 (5.92 MB)
2025-09-03 16:20:13,453 - INFO - 🚀 启动1960 TI终极大规模数据集提取Pipeline
2025-09-03 16:20:13,453 - INFO - ================================================================================
2025-09-03 16:20:13,453 - INFO - 📂 递归扫描源目录: /Users/zhaoye/Desktop/1960 TI
2025-09-03 16:20:13,457 - INFO -    📁 1960 1: 278 个图像文件
2025-09-03 16:20:13,461 - INFO -    📁 1960 2: 265 个图像文件
2025-09-03 16:20:13,463 - INFO -    📁 1960 3: 165 个图像文件
2025-09-03 16:20:13,463 - INFO - 📊 总计找到 708 个图像文件，分布在 3 个文件夹中
2025-09-03 16:20:13,463 - INFO - 🚀 开始终极大规模处理所有子文件夹
2025-09-03 16:20:13,463 - INFO - 📦 批次大小: 50
2025-09-03 16:20:13,463 - INFO - 🎯 置信度阈值: 顶级≥0.95, 卓越≥0.85, 高≥0.7, 良好≥0.5, 中≥0.3, 低≥0.25
2025-09-03 16:20:13,463 - INFO - 
📁 处理子文件夹: 1960 1 (278 个图像)
2025-09-03 16:20:13,463 - INFO -    📦 1960 1 批次 1/6 (50 个文件)
2025-09-03 16:20:23,306 - INFO -       进度: 20/50 (总进度: 2.8%, 速度: 2.03张/秒)
2025-09-03 16:20:28,264 - INFO -       进度: 40/50 (总进度: 5.6%, 速度: 2.70张/秒)
2025-09-03 16:20:29,768 - INFO -       进度: 50/50 (总进度: 7.1%, 速度: 3.07张/秒)
2025-09-03 16:20:29,768 - INFO -    ✅ 批次完成: 50 成功, 0 失败, 56 个检测, 用时: 16.3秒
2025-09-03 16:20:29,768 - INFO -    📦 1960 1 批次 2/6 (50 个文件)
2025-09-03 16:20:34,808 - INFO -       进度: 20/50 (总进度: 9.9%, 速度: 3.28张/秒)
2025-09-03 16:20:56,014 - INFO -       进度: 40/50 (总进度: 12.7%, 速度: 2.12张/秒)
2025-09-03 16:20:58,401 - INFO -       进度: 50/50 (总进度: 14.1%, 速度: 2.23张/秒)
2025-09-03 16:20:58,402 - INFO -    ✅ 批次完成: 50 成功, 0 失败, 89 个检测, 用时: 28.6秒
2025-09-03 16:20:58,403 - INFO -    📦 1960 1 批次 3/6 (50 个文件)
2025-09-03 16:21:02,811 - INFO -       进度: 20/50 (总进度: 16.9%, 速度: 2.43张/秒)
2025-09-03 16:21:12,557 - INFO -       进度: 40/50 (总进度: 19.8%, 速度: 2.37张/秒)
2025-09-03 16:21:14,608 - INFO -       进度: 50/50 (总进度: 21.2%, 速度: 2.45张/秒)
2025-09-03 16:21:14,609 - INFO -    ✅ 批次完成: 50 成功, 0 失败, 64 个检测, 用时: 16.2秒
2025-09-03 16:21:14,609 - INFO -    📦 1960 1 批次 4/6 (50 个文件)
2025-09-03 16:21:19,244 - INFO -       进度: 20/50 (总进度: 24.0%, 速度: 2.58张/秒)
2025-09-03 16:21:24,337 - INFO -       进度: 40/50 (总进度: 26.8%, 速度: 2.68张/秒)
2025-09-03 16:21:26,730 - INFO -       进度: 50/50 (总进度: 28.2%, 速度: 2.73张/秒)
2025-09-03 16:21:26,731 - INFO -    ✅ 批次完成: 50 成功, 0 失败, 80 个检测, 用时: 12.1秒
2025-09-03 16:21:26,731 - INFO -    📦 1960 1 批次 5/6 (50 个文件)
2025-09-03 16:21:31,015 - INFO -       进度: 20/50 (总进度: 31.1%, 速度: 2.84张/秒)
2025-09-03 16:21:35,280 - INFO -       进度: 40/50 (总进度: 33.9%, 速度: 2.93张/秒)
2025-09-03 16:21:37,453 - INFO -       进度: 50/50 (总进度: 35.3%, 速度: 2.98张/秒)
2025-09-03 16:21:37,453 - INFO -    ✅ 批次完成: 50 成功, 0 失败, 73 个检测, 用时: 10.7秒
2025-09-03 16:21:37,453 - INFO -    📦 1960 1 批次 6/6 (28 个文件)
2025-09-03 16:21:47,154 - INFO -       进度: 20/28 (总进度: 38.1%, 速度: 2.88张/秒)
2025-09-03 16:21:54,610 - INFO -       进度: 28/28 (总进度: 39.3%, 速度: 2.75张/秒)
2025-09-03 16:21:54,610 - INFO -    ✅ 批次完成: 28 成功, 0 失败, 56 个检测, 用时: 17.2秒
2025-09-03 16:21:54,610 - INFO - ✅ 子文件夹 1960 1 完成: 278/278 成功, 418 个检测
2025-09-03 16:21:54,610 - INFO - 
📁 处理子文件夹: 1960 2 (265 个图像)
2025-09-03 16:21:54,610 - INFO -    📦 1960 2 批次 1/6 (50 个文件)
2025-09-03 16:22:05,858 - INFO -       进度: 20/50 (总进度: 42.1%, 速度: 2.65张/秒)
2025-09-03 16:22:10,433 - INFO -       进度: 40/50 (总进度: 44.9%, 速度: 2.72张/秒)
2025-09-03 16:22:12,653 - INFO -       进度: 50/50 (总进度: 46.3%, 速度: 2.75张/秒)
2025-09-03 16:22:12,654 - INFO -    ✅ 批次完成: 50 成功, 0 失败, 90 个检测, 用时: 18.0秒
2025-09-03 16:22:12,654 - INFO -    📦 1960 2 批次 2/6 (50 个文件)
2025-09-03 16:22:21,709 - INFO -       进度: 20/50 (总进度: 49.2%, 速度: 2.71张/秒)
2025-09-03 16:22:34,752 - INFO -       进度: 40/50 (总进度: 52.0%, 速度: 2.60张/秒)
2025-09-03 16:22:36,794 - INFO -       进度: 50/50 (总进度: 53.4%, 速度: 2.64张/秒)
2025-09-03 16:22:36,795 - INFO -    ✅ 批次完成: 50 成功, 0 失败, 71 个检测, 用时: 24.1秒
2025-09-03 16:22:36,795 - INFO -    📦 1960 2 批次 3/6 (50 个文件)
2025-09-03 16:22:40,884 - INFO -       进度: 20/50 (总进度: 56.2%, 速度: 2.70张/秒)
2025-09-03 16:22:50,791 - INFO -       进度: 40/50 (总进度: 59.0%, 速度: 2.66张/秒)
2025-09-03 16:23:00,705 - INFO -       进度: 50/50 (总进度: 60.5%, 速度: 2.56张/秒)
2025-09-03 16:23:00,705 - INFO -    ✅ 批次完成: 50 成功, 0 失败, 73 个检测, 用时: 23.9秒
2025-09-03 16:23:00,706 - INFO -    📦 1960 2 批次 4/6 (50 个文件)
2025-09-03 16:23:04,873 - INFO -       进度: 20/50 (总进度: 63.3%, 速度: 2.61张/秒)
2025-09-03 16:23:09,196 - INFO -       进度: 40/50 (总进度: 66.1%, 速度: 2.66张/秒)
2025-09-03 16:23:11,277 - INFO -       进度: 50/50 (总进度: 67.5%, 速度: 2.69张/秒)
2025-09-03 16:23:11,278 - INFO -    ✅ 批次完成: 50 成功, 0 失败, 76 个检测, 用时: 10.6秒
2025-09-03 16:23:11,278 - INFO -    📦 1960 2 批次 5/6 (50 个文件)
2025-09-03 16:23:15,019 - INFO -       进度: 20/50 (总进度: 70.3%, 速度: 2.74张/秒)
2025-09-03 16:23:19,901 - INFO -       进度: 40/50 (总进度: 73.2%, 速度: 2.78张/秒)
2025-09-03 16:23:22,220 - INFO -       进度: 50/50 (总进度: 74.6%, 速度: 2.80张/秒)
2025-09-03 16:23:22,221 - INFO -    ✅ 批次完成: 50 成功, 0 失败, 87 个检测, 用时: 10.9秒
2025-09-03 16:23:22,221 - INFO -    📦 1960 2 批次 6/6 (15 个文件)
2025-09-03 16:23:30,767 - INFO -       进度: 15/15 (总进度: 76.7%, 速度: 2.75张/秒)
2025-09-03 16:23:30,767 - INFO -    ✅ 批次完成: 15 成功, 0 失败, 24 个检测, 用时: 8.5秒
2025-09-03 16:23:30,768 - INFO - ✅ 子文件夹 1960 2 完成: 265/265 成功, 421 个检测
2025-09-03 16:23:30,768 - INFO - 
📁 处理子文件夹: 1960 3 (165 个图像)
2025-09-03 16:23:30,768 - INFO -    📦 1960 3 批次 1/4 (50 个文件)
2025-09-03 16:23:35,080 - INFO -       进度: 20/50 (总进度: 79.5%, 速度: 2.79张/秒)
2025-09-03 16:23:39,297 - INFO -       进度: 40/50 (总进度: 82.3%, 速度: 2.83张/秒)
2025-09-03 16:23:59,640 - INFO -       进度: 50/50 (总进度: 83.8%, 速度: 2.62张/秒)
2025-09-03 16:23:59,640 - INFO -    ✅ 批次完成: 50 成功, 0 失败, 71 个检测, 用时: 28.9秒
2025-09-03 16:23:59,640 - INFO -    📦 1960 3 批次 2/4 (50 个文件)
2025-09-03 16:24:03,728 - INFO -       进度: 20/50 (总进度: 86.6%, 速度: 2.66张/秒)
2025-09-03 16:24:08,282 - INFO -       进度: 40/50 (总进度: 89.4%, 速度: 2.70张/秒)
2025-09-03 16:24:29,027 - INFO -       进度: 50/50 (总进度: 90.8%, 速度: 2.52张/秒)
2025-09-03 16:24:29,027 - INFO -    ✅ 批次完成: 50 成功, 0 失败, 67 个检测, 用时: 29.4秒
2025-09-03 16:24:29,027 - INFO -    📦 1960 3 批次 3/4 (50 个文件)
2025-09-03 16:24:33,403 - INFO -       进度: 20/50 (总进度: 93.6%, 速度: 2.55张/秒)
2025-09-03 16:24:44,443 - INFO -       进度: 40/50 (总进度: 96.5%, 速度: 2.52张/秒)
2025-09-03 16:24:46,528 - INFO -       进度: 50/50 (总进度: 97.9%, 速度: 2.54张/秒)
2025-09-03 16:24:46,528 - INFO -    ✅ 批次完成: 50 成功, 0 失败, 84 个检测, 用时: 17.5秒
2025-09-03 16:24:46,528 - INFO -    📦 1960 3 批次 4/4 (15 个文件)
2025-09-03 16:24:56,544 - INFO -       进度: 15/15 (总进度: 100.0%, 速度: 2.50张/秒)
2025-09-03 16:24:56,545 - INFO -    ✅ 批次完成: 15 成功, 0 失败, 16 个检测, 用时: 10.0秒
2025-09-03 16:24:56,545 - INFO - ✅ 子文件夹 1960 3 完成: 165/165 成功, 238 个检测
2025-09-03 16:24:56,545 - INFO - 
🎉 终极大规模处理完成!
2025-09-03 16:24:56,545 - INFO - 📊 最终统计:
2025-09-03 16:24:56,545 - INFO -    总文件数: 708
2025-09-03 16:24:56,545 - INFO -    成功处理: 708 (100.0%)
2025-09-03 16:24:56,545 - INFO -    处理失败: 0
2025-09-03 16:24:56,545 - INFO -    总检测数: 1077
2025-09-03 16:24:56,545 - INFO -    顶级置信度: 240 个
2025-09-03 16:24:56,545 - INFO -    卓越置信度: 179 个
2025-09-03 16:24:56,545 - INFO -    高置信度: 174 个
2025-09-03 16:24:56,545 - INFO -    良好置信度: 182 个
2025-09-03 16:24:56,545 - INFO -    中等置信度: 219 个
2025-09-03 16:24:56,545 - INFO -    低置信度: 83 个
2025-09-03 16:24:56,545 - INFO -    数据集质量分数: 71.1/100
2025-09-03 16:24:56,545 - INFO -    总处理时间: 283.1 秒 (4.7 分钟)
2025-09-03 16:24:56,545 - INFO -    处理速度: 2.50 张/秒
2025-09-03 16:24:56,546 - INFO - 📋 创建终极大规模数据集元数据...
2025-09-03 16:24:56,576 - INFO - ✅ 终极数据集元数据已生成: /Users/zhaoye/Desktop/1960 TI_Extracted_Dataset/metadata/ultimate_metadata_20250903_162456.json
2025-09-03 16:24:56,576 - INFO - 📝 详细README文件已生成: /Users/zhaoye/Desktop/1960 TI_Extracted_Dataset/README.md
2025-09-03 16:24:56,576 - INFO - 📊 子文件夹分析已生成: /Users/zhaoye/Desktop/1960 TI_Extracted_Dataset/subfolder_analysis/subfolder_analysis_report.json
2025-09-03 16:24:56,576 - INFO - 🏆 终极质量报告已生成: /Users/zhaoye/Desktop/1960 TI_Extracted_Dataset/quality_reports/ultimate_quality_report.json
2025-09-03 16:24:56,576 - INFO - 🎉 终极大规模数据集提取Pipeline执行成功!
2025-09-03 16:24:56,576 - INFO - 📋 终极元数据: /Users/zhaoye/Desktop/1960 TI_Extracted_Dataset/metadata/ultimate_metadata_20250903_162456.json
2025-09-03 16:24:56,576 - INFO - 📁 数据集目录: /Users/zhaoye/Desktop/1960 TI_Extracted_Dataset
