2025-09-03 16:01:42,153 - INFO - 🔄 加载模型: /Users/zhaoye/Desktop/1956_TI_Dataset/models/super_optimized_best_yolov8n.pt
2025-09-03 16:01:42,273 - INFO - ✅ 模型加载成功 (5.92 MB)
2025-09-03 16:01:42,273 - INFO - 🚀 启动1959 Multi中等规模数据集提取Pipeline
2025-09-03 16:01:42,273 - INFO - ======================================================================
2025-09-03 16:01:42,273 - INFO - 📂 扫描源目录: /Users/zhaoye/Desktop/1959 Multi
2025-09-03 16:01:42,275 - INFO - 📊 找到 84 个图像文件
2025-09-03 16:01:42,275 - INFO - 📋 Issue分布: 11 个不同的Issue
2025-09-03 16:01:42,275 - INFO -    1959_Issue-1: 3 张图像
2025-09-03 16:01:42,275 - INFO -    1959_Issue-10: 15 张图像
2025-09-03 16:01:42,275 - INFO -    1959_Issue-11: 5 张图像
2025-09-03 16:01:42,275 - INFO -    1959_Issue-12: 4 张图像
2025-09-03 16:01:42,275 - INFO -    1959_Issue-2: 4 张图像
2025-09-03 16:01:42,275 - INFO -    1959_Issue-3: 10 张图像
2025-09-03 16:01:42,275 - INFO -    1959_Issue-4: 7 张图像
2025-09-03 16:01:42,275 - INFO -    1959_Issue-5: 8 张图像
2025-09-03 16:01:42,275 - INFO -    1959_Issue-6: 6 张图像
2025-09-03 16:01:42,276 - INFO -    1959_Issue-7: 7 张图像
2025-09-03 16:01:42,276 - INFO -    1959_Issue-8-9: 15 张图像
2025-09-03 16:01:42,276 - INFO - 🚀 开始批量处理 84 个图像文件
2025-09-03 16:01:42,276 - INFO - 📦 批次大小: 25
2025-09-03 16:01:42,276 - INFO - 🎯 置信度阈值: 卓越≥0.9, 高≥0.7, 良好≥0.5, 中≥0.3, 低≥0.25
2025-09-03 16:01:42,276 - INFO - 📦 处理批次 1/4 (25 个文件)
2025-09-03 16:01:48,867 - INFO -    批次进度: 10/25 (总进度: 11.9%, 速度: 1.52张/秒)
2025-09-03 16:01:50,515 - INFO -    批次进度: 20/25 (总进度: 23.8%, 速度: 2.43张/秒)
2025-09-03 16:01:51,617 - INFO -    批次进度: 25/25 (总进度: 29.8%, 速度: 2.68张/秒)
2025-09-03 16:01:51,617 - INFO - ✅ 批次 1 完成: 25 成功, 0 失败, 50 个检测, 用时: 9.3秒
2025-09-03 16:01:51,617 - INFO - 📦 处理批次 2/4 (25 个文件)
2025-09-03 16:01:53,667 - INFO -    批次进度: 10/25 (总进度: 41.7%, 速度: 3.07张/秒)
2025-09-03 16:01:55,425 - INFO -    批次进度: 20/25 (总进度: 53.6%, 速度: 3.42张/秒)
2025-09-03 16:01:56,612 - INFO -    批次进度: 25/25 (总进度: 59.5%, 速度: 3.49张/秒)
2025-09-03 16:01:56,612 - INFO - ✅ 批次 2 完成: 25 成功, 0 失败, 35 个检测, 用时: 5.0秒
2025-09-03 16:01:56,612 - INFO - 📦 处理批次 3/4 (25 个文件)
2025-09-03 16:01:58,865 - INFO -    批次进度: 10/25 (总进度: 71.4%, 速度: 3.62张/秒)
2025-09-03 16:02:01,020 - INFO -    批次进度: 20/25 (总进度: 83.3%, 速度: 3.73张/秒)
2025-09-03 16:02:02,088 - INFO -    批次进度: 25/25 (总进度: 89.3%, 速度: 3.79张/秒)
2025-09-03 16:02:02,088 - INFO - ✅ 批次 3 完成: 25 成功, 0 失败, 61 个检测, 用时: 5.5秒
2025-09-03 16:02:02,088 - INFO - 📦 处理批次 4/4 (9 个文件)
2025-09-03 16:02:08,827 - INFO -    批次进度: 9/9 (总进度: 100.0%, 速度: 3.16张/秒)
2025-09-03 16:02:08,829 - INFO - ✅ 批次 4 完成: 9 成功, 0 失败, 14 个检测, 用时: 6.7秒
2025-09-03 16:02:08,829 - INFO - 🎉 批量处理完成!
2025-09-03 16:02:08,829 - INFO - 📊 处理统计:
2025-09-03 16:02:08,830 - INFO -    总文件数: 84
2025-09-03 16:02:08,830 - INFO -    成功处理: 84 (100.0%)
2025-09-03 16:02:08,830 - INFO -    处理失败: 0
2025-09-03 16:02:08,830 - INFO -    总检测数: 160
2025-09-03 16:02:08,830 - INFO -    卓越置信度: 52 个
2025-09-03 16:02:08,830 - INFO -    高置信度: 37 个
2025-09-03 16:02:08,830 - INFO -    良好置信度: 24 个
2025-09-03 16:02:08,830 - INFO -    中等置信度: 31 个
2025-09-03 16:02:08,830 - INFO -    低置信度: 16 个
2025-09-03 16:02:08,830 - INFO -    数据集质量分数: 73.6/100
2025-09-03 16:02:08,830 - INFO -    处理时间: 26.6 秒 (0.4 分钟)
2025-09-03 16:02:08,830 - INFO -    处理速度: 3.16 张/秒
2025-09-03 16:02:08,830 - INFO - 📋 创建中等规模数据集元数据...
2025-09-03 16:02:08,869 - INFO - ✅ 数据集元数据已生成: /Users/zhaoye/Desktop/1959 Multi_Extracted_Dataset/metadata/dataset_metadata_20250903_160208.json
2025-09-03 16:02:08,869 - INFO - 📝 README文件已生成: /Users/zhaoye/Desktop/1959 Multi_Extracted_Dataset/README.md
2025-09-03 16:02:08,869 - INFO - 📊 质量分析报告已生成: /Users/zhaoye/Desktop/1959 Multi_Extracted_Dataset/quality_analysis/quality_analysis_report.json
2025-09-03 16:02:08,869 - INFO - 🎉 中等规模数据集提取Pipeline执行成功!
2025-09-03 16:02:08,869 - INFO - 📋 数据集元数据: /Users/zhaoye/Desktop/1959 Multi_Extracted_Dataset/metadata/dataset_metadata_20250903_160208.json
2025-09-03 16:02:08,869 - INFO - 📁 数据集目录: /Users/zhaoye/Desktop/1959 Multi_Extracted_Dataset
