2025-09-08 16:10:08,039 - INFO - 🔄 加载模型: /Users/zhaoye/Desktop/1956_TI_Dataset/models/super_optimized_best_yolov8n.pt
2025-09-08 16:10:08,216 - INFO - ✅ 模型加载成功 (5.92 MB)
2025-09-08 16:10:08,216 - INFO - 🚀 启动1958 TI终极数据集提取Pipeline
2025-09-08 16:10:08,216 - INFO - ======================================================================
2025-09-08 16:10:08,216 - INFO - 📂 递归扫描源目录: /Users/zhaoye/Desktop/1958 TI
2025-09-08 16:10:08,221 - INFO -    📁 1958 1: 335 张图像
2025-09-08 16:10:08,226 - INFO -    📁 1958 2: 360 张图像
2025-09-08 16:10:08,228 - INFO - 📊 总共找到 695 个图像文件
2025-09-08 16:10:08,228 - INFO - 📋 子文件夹分布:
2025-09-08 16:10:08,228 - INFO -    1958 1: 335 张图像
2025-09-08 16:10:08,228 - INFO -    1958 2: 360 张图像
2025-09-08 16:10:08,228 - INFO - 🚀 开始批量处理 695 个图像文件
2025-09-08 16:10:08,228 - INFO - 📦 批次大小: 25
2025-09-08 16:10:08,228 - INFO - 🎯 置信度阈值: 顶级≥0.95, 卓越≥0.85, 高≥0.7, 良好≥0.5, 中等≥0.3, 低≥0.25
2025-09-08 16:10:08,228 - INFO - 📦 处理批次 1/28 (25 个文件)
2025-09-08 16:10:11,398 - INFO -    批次进度: 20/25 (总进度: 2.9%, 速度: 6.31张/秒)
2025-09-08 16:10:12,424 - INFO -    批次进度: 25/25 (总进度: 3.6%, 速度: 5.96张/秒)
2025-09-08 16:10:12,424 - INFO - ✅ 批次 1 完成: 25 成功, 0 失败, 49 个检测, 用时: 4.2秒
2025-09-08 16:10:12,424 - INFO - 📦 处理批次 2/28 (25 个文件)
2025-09-08 16:10:15,783 - INFO -    批次进度: 20/25 (总进度: 6.5%, 速度: 5.96张/秒)
2025-09-08 16:10:16,418 - INFO -    批次进度: 25/25 (总进度: 7.2%, 速度: 6.10张/秒)
2025-09-08 16:10:16,418 - INFO - ✅ 批次 2 完成: 25 成功, 0 失败, 47 个检测, 用时: 4.0秒
2025-09-08 16:10:16,418 - INFO - 📦 处理批次 3/28 (25 个文件)
2025-09-08 16:10:21,479 - INFO -    批次进度: 20/25 (总进度: 10.1%, 速度: 5.28张/秒)
2025-09-08 16:10:22,496 - INFO -    批次进度: 25/25 (总进度: 10.8%, 速度: 5.26张/秒)
2025-09-08 16:10:22,496 - INFO - ✅ 批次 3 完成: 25 成功, 0 失败, 45 个检测, 用时: 6.1秒
2025-09-08 16:10:22,497 - INFO - 📦 处理批次 4/28 (25 个文件)
2025-09-08 16:10:32,733 - INFO -    批次进度: 20/25 (总进度: 13.7%, 速度: 3.88张/秒)
2025-09-08 16:10:34,159 - INFO -    批次进度: 25/25 (总进度: 14.4%, 速度: 3.86张/秒)
2025-09-08 16:10:34,159 - INFO - ✅ 批次 4 完成: 25 成功, 0 失败, 40 个检测, 用时: 11.7秒
2025-09-08 16:10:34,159 - INFO - 📦 处理批次 5/28 (25 个文件)
2025-09-08 16:10:38,854 - INFO -    批次进度: 20/25 (总进度: 17.3%, 速度: 3.92张/秒)
2025-09-08 16:10:39,879 - INFO -    批次进度: 25/25 (总进度: 18.0%, 速度: 3.95张/秒)
2025-09-08 16:10:39,880 - INFO - ✅ 批次 5 完成: 25 成功, 0 失败, 77 个检测, 用时: 5.7秒
2025-09-08 16:10:39,880 - INFO - 📦 处理批次 6/28 (25 个文件)
2025-09-08 16:10:49,133 - INFO -    批次进度: 20/25 (总进度: 20.9%, 速度: 3.54张/秒)
2025-09-08 16:10:56,947 - INFO -    批次进度: 25/25 (总进度: 21.6%, 速度: 3.08张/秒)
2025-09-08 16:10:56,948 - INFO - ✅ 批次 6 完成: 25 成功, 0 失败, 43 个检测, 用时: 17.1秒
2025-09-08 16:10:56,948 - INFO - 📦 处理批次 7/28 (25 个文件)
2025-09-08 16:11:01,288 - INFO -    批次进度: 20/25 (总进度: 24.5%, 速度: 3.20张/秒)
2025-09-08 16:11:02,496 - INFO -    批次进度: 25/25 (总进度: 25.2%, 速度: 3.22张/秒)
2025-09-08 16:11:02,496 - INFO - ✅ 批次 7 完成: 25 成功, 0 失败, 47 个检测, 用时: 5.5秒
2025-09-08 16:11:02,496 - INFO - 📦 处理批次 8/28 (25 个文件)
2025-09-08 16:11:15,849 - INFO -    批次进度: 20/25 (总进度: 28.1%, 速度: 2.88张/秒)
2025-09-08 16:11:17,019 - INFO -    批次进度: 25/25 (总进度: 28.8%, 速度: 2.91张/秒)
2025-09-08 16:11:17,019 - INFO - ✅ 批次 8 完成: 25 成功, 0 失败, 57 个检测, 用时: 14.5秒
2025-09-08 16:11:17,019 - INFO - 📦 处理批次 9/28 (25 个文件)
2025-09-08 16:11:20,276 - INFO -    批次进度: 20/25 (总进度: 31.7%, 速度: 3.05张/秒)
2025-09-08 16:11:21,212 - INFO -    批次进度: 25/25 (总进度: 32.4%, 速度: 3.08张/秒)
2025-09-08 16:11:21,212 - INFO - ✅ 批次 9 完成: 25 成功, 0 失败, 44 个检测, 用时: 4.2秒
2025-09-08 16:11:21,212 - INFO - 📦 处理批次 10/28 (25 个文件)
2025-09-08 16:11:25,720 - INFO -    批次进度: 20/25 (总进度: 35.3%, 速度: 3.16张/秒)
2025-09-08 16:11:26,941 - INFO -    批次进度: 25/25 (总进度: 36.0%, 速度: 3.18张/秒)
2025-09-08 16:11:26,941 - INFO - ✅ 批次 10 完成: 25 成功, 0 失败, 57 个检测, 用时: 5.7秒
2025-09-08 16:11:26,942 - INFO - 📦 处理批次 11/28 (25 个文件)
2025-09-08 16:11:37,966 - INFO -    批次进度: 20/25 (总进度: 38.8%, 速度: 3.01张/秒)
2025-09-08 16:11:38,862 - INFO -    批次进度: 25/25 (总进度: 39.6%, 速度: 3.03张/秒)
2025-09-08 16:11:38,862 - INFO - ✅ 批次 11 完成: 25 成功, 0 失败, 42 个检测, 用时: 11.9秒
2025-09-08 16:11:38,862 - INFO - 📦 处理批次 12/28 (25 个文件)
2025-09-08 16:11:42,510 - INFO -    批次进度: 20/25 (总进度: 42.4%, 速度: 3.13张/秒)
2025-09-08 16:11:43,534 - INFO -    批次进度: 25/25 (总进度: 43.2%, 速度: 3.15张/秒)
2025-09-08 16:11:43,534 - INFO - ✅ 批次 12 完成: 25 成功, 0 失败, 43 个检测, 用时: 4.7秒
2025-09-08 16:11:43,534 - INFO - 📦 处理批次 13/28 (25 个文件)
2025-09-08 16:11:48,010 - INFO -    批次进度: 20/25 (总进度: 46.0%, 速度: 3.21张/秒)
2025-09-08 16:11:49,324 - INFO -    批次进度: 25/25 (总进度: 46.8%, 速度: 3.21张/秒)
2025-09-08 16:11:49,324 - INFO - ✅ 批次 13 完成: 25 成功, 0 失败, 42 个检测, 用时: 5.8秒
2025-09-08 16:11:49,327 - INFO - 📦 处理批次 14/28 (25 个文件)
2025-09-08 16:12:00,461 - INFO -    批次进度: 20/25 (总进度: 49.6%, 速度: 3.07张/秒)
2025-09-08 16:12:10,684 - INFO -    批次进度: 25/25 (总进度: 50.4%, 速度: 2.86张/秒)
2025-09-08 16:12:10,688 - INFO - ✅ 批次 14 完成: 25 成功, 0 失败, 41 个检测, 用时: 21.4秒
2025-09-08 16:12:10,689 - INFO - 📦 处理批次 15/28 (25 个文件)
2025-09-08 16:12:14,773 - INFO -    批次进度: 20/25 (总进度: 53.2%, 速度: 2.92张/秒)
2025-09-08 16:12:15,684 - INFO -    批次进度: 25/25 (总进度: 54.0%, 速度: 2.94张/秒)
2025-09-08 16:12:15,685 - INFO - ✅ 批次 15 完成: 25 成功, 0 失败, 33 个检测, 用时: 5.0秒
2025-09-08 16:12:15,685 - INFO - 📦 处理批次 16/28 (25 个文件)
2025-09-08 16:12:23,859 - INFO -    批次进度: 20/25 (总进度: 56.8%, 速度: 2.91张/秒)
2025-09-08 16:12:24,798 - INFO -    批次进度: 25/25 (总进度: 57.6%, 速度: 2.93张/秒)
2025-09-08 16:12:24,798 - INFO - ✅ 批次 16 完成: 25 成功, 0 失败, 43 个检测, 用时: 9.1秒
2025-09-08 16:12:24,798 - INFO - 📦 处理批次 17/28 (25 个文件)
2025-09-08 16:12:29,331 - INFO -    批次进度: 20/25 (总进度: 60.4%, 速度: 2.98张/秒)
2025-09-08 16:12:30,397 - INFO -    批次进度: 25/25 (总进度: 61.2%, 速度: 2.99张/秒)
2025-09-08 16:12:30,397 - INFO - ✅ 批次 17 完成: 25 成功, 0 失败, 45 个检测, 用时: 5.6秒
2025-09-08 16:12:30,397 - INFO - 📦 处理批次 18/28 (25 个文件)
2025-09-08 16:12:34,680 - INFO -    批次进度: 20/25 (总进度: 64.0%, 速度: 3.04张/秒)
2025-09-08 16:12:35,829 - INFO -    批次进度: 25/25 (总进度: 64.7%, 速度: 3.05张/秒)
2025-09-08 16:12:35,830 - INFO - ✅ 批次 18 完成: 25 成功, 0 失败, 53 个检测, 用时: 5.4秒
2025-09-08 16:12:35,830 - INFO - 📦 处理批次 19/28 (25 个文件)
2025-09-08 16:12:39,751 - INFO -    批次进度: 20/25 (总进度: 67.6%, 速度: 3.10张/秒)
2025-09-08 16:12:41,313 - INFO -    批次进度: 25/25 (总进度: 68.3%, 速度: 3.10张/秒)
2025-09-08 16:12:41,313 - INFO - ✅ 批次 19 完成: 25 成功, 0 失败, 34 个检测, 用时: 5.5秒
2025-09-08 16:12:41,313 - INFO - 📦 处理批次 20/28 (25 个文件)
2025-09-08 16:12:45,524 - INFO -    批次进度: 20/25 (总进度: 71.2%, 速度: 3.15张/秒)
2025-09-08 16:12:46,193 - INFO -    批次进度: 25/25 (总进度: 71.9%, 速度: 3.17张/秒)
2025-09-08 16:12:46,193 - INFO - ✅ 批次 20 完成: 25 成功, 0 失败, 38 个检测, 用时: 4.9秒
2025-09-08 16:12:46,193 - INFO - 📦 处理批次 21/28 (25 个文件)
2025-09-08 16:12:55,410 - INFO -    批次进度: 20/25 (总进度: 74.8%, 速度: 3.11张/秒)
2025-09-08 16:12:56,371 - INFO -    批次进度: 25/25 (总进度: 75.5%, 速度: 3.12张/秒)
2025-09-08 16:12:56,371 - INFO - ✅ 批次 21 完成: 25 成功, 0 失败, 43 个检测, 用时: 10.2秒
2025-09-08 16:12:56,371 - INFO - 📦 处理批次 22/28 (25 个文件)
2025-09-08 16:12:58,943 - INFO -    批次进度: 20/25 (总进度: 78.4%, 速度: 3.19张/秒)
2025-09-08 16:12:59,828 - INFO -    批次进度: 25/25 (总进度: 79.1%, 速度: 3.21张/秒)
2025-09-08 16:12:59,828 - INFO - ✅ 批次 22 完成: 25 成功, 0 失败, 48 个检测, 用时: 3.5秒
2025-09-08 16:12:59,828 - INFO - 📦 处理批次 23/28 (25 个文件)
2025-09-08 16:13:11,732 - INFO -    批次进度: 20/25 (总进度: 82.0%, 速度: 3.11张/秒)
2025-09-08 16:13:12,750 - INFO -    批次进度: 25/25 (总进度: 82.7%, 速度: 3.12张/秒)
2025-09-08 16:13:12,750 - INFO - ✅ 批次 23 完成: 25 成功, 0 失败, 50 个检测, 用时: 12.9秒
2025-09-08 16:13:12,750 - INFO - 📦 处理批次 24/28 (25 个文件)
2025-09-08 16:13:15,317 - INFO -    批次进度: 20/25 (总进度: 85.6%, 速度: 3.18张/秒)
2025-09-08 16:13:16,508 - INFO -    批次进度: 25/25 (总进度: 86.3%, 速度: 3.19张/秒)
2025-09-08 16:13:16,508 - INFO - ✅ 批次 24 完成: 25 成功, 0 失败, 52 个检测, 用时: 3.8秒
2025-09-08 16:13:16,508 - INFO - 📦 处理批次 25/28 (25 个文件)
2025-09-08 16:13:28,524 - INFO -    批次进度: 20/25 (总进度: 89.2%, 速度: 3.10张/秒)
2025-09-08 16:13:28,937 - INFO -    批次进度: 25/25 (总进度: 89.9%, 速度: 3.11张/秒)
2025-09-08 16:13:28,937 - INFO - ✅ 批次 25 完成: 25 成功, 0 失败, 51 个检测, 用时: 12.4秒
2025-09-08 16:13:28,937 - INFO - 📦 处理批次 26/28 (25 个文件)
2025-09-08 16:13:32,075 - INFO -    批次进度: 20/25 (总进度: 92.8%, 速度: 3.16张/秒)
2025-09-08 16:13:32,837 - INFO -    批次进度: 25/25 (总进度: 93.5%, 速度: 3.18张/秒)
2025-09-08 16:13:32,838 - INFO - ✅ 批次 26 完成: 25 成功, 0 失败, 71 个检测, 用时: 3.9秒
2025-09-08 16:13:32,838 - INFO - 📦 处理批次 27/28 (25 个文件)
2025-09-08 16:13:36,895 - INFO -    批次进度: 20/25 (总进度: 96.4%, 速度: 3.21张/秒)
2025-09-08 16:13:37,879 - INFO -    批次进度: 25/25 (总进度: 97.1%, 速度: 3.22张/秒)
2025-09-08 16:13:37,879 - INFO - ✅ 批次 27 完成: 25 成功, 0 失败, 46 个检测, 用时: 5.0秒
2025-09-08 16:13:37,880 - INFO - 📦 处理批次 28/28 (20 个文件)
2025-09-08 16:13:51,439 - INFO -    批次进度: 20/20 (总进度: 100.0%, 速度: 3.11张/秒)
2025-09-08 16:13:51,440 - INFO - ✅ 批次 28 完成: 20 成功, 0 失败, 33 个检测, 用时: 13.6秒
2025-09-08 16:13:51,440 - INFO - 🎉 批量处理完成!
2025-09-08 16:13:51,440 - INFO - 📊 处理统计:
2025-09-08 16:13:51,440 - INFO -    总文件数: 695
2025-09-08 16:13:51,440 - INFO -    成功处理: 695 (100.0%)
2025-09-08 16:13:51,440 - INFO -    处理失败: 0
2025-09-08 16:13:51,440 - INFO -    总检测数: 1314
2025-09-08 16:13:51,440 - INFO -    顶级置信度: 321 个
2025-09-08 16:13:51,440 - INFO -    卓越置信度: 206 个
2025-09-08 16:13:51,440 - INFO -    高置信度: 197 个
2025-09-08 16:13:51,440 - INFO -    良好置信度: 230 个
2025-09-08 16:13:51,440 - INFO -    中等置信度: 276 个
2025-09-08 16:13:51,440 - INFO -    低置信度: 84 个
2025-09-08 16:13:51,440 - INFO -    数据集质量分数: 70.1/100
2025-09-08 16:13:51,440 - INFO -    处理时间: 223.2 秒 (3.7 分钟)
2025-09-08 16:13:51,440 - INFO -    处理速度: 3.11 张/秒
2025-09-08 16:13:51,440 - INFO - 📋 创建1958 TI终极数据集元数据...
2025-09-08 16:13:51,492 - INFO - ✅ 终极数据集元数据已生成: /Users/zhaoye/Desktop/1958 TI_Extracted_Dataset/metadata/ultimate_metadata_20250908_161351.json
2025-09-08 16:13:51,492 - INFO - 📝 详细README文件已生成: /Users/zhaoye/Desktop/1958 TI_Extracted_Dataset/README.md
2025-09-08 16:13:51,492 - INFO - 📊 子文件夹分析报告已生成: /Users/zhaoye/Desktop/1958 TI_Extracted_Dataset/subfolder_analysis/subfolder_performance_report.json
2025-09-08 16:13:51,492 - INFO - 🗺️ 源文件映射已生成: /Users/zhaoye/Desktop/1958 TI_Extracted_Dataset/source_mapping/source_to_subfolder_mapping.json
2025-09-08 16:13:51,492 - INFO - 🏆 终极质量报告已生成: /Users/zhaoye/Desktop/1958 TI_Extracted_Dataset/quality_reports/ultimate_quality_report.json
2025-09-08 16:13:51,492 - INFO - 🎉 1958 TI终极数据集提取Pipeline执行成功!
2025-09-08 16:13:51,492 - INFO - 📋 终极元数据: /Users/zhaoye/Desktop/1958 TI_Extracted_Dataset/metadata/ultimate_metadata_20250908_161351.json
2025-09-08 16:13:51,492 - INFO - 📁 数据集目录: /Users/zhaoye/Desktop/1958 TI_Extracted_Dataset
