2025-09-03 15:27:50,310 - INFO - 🔄 加载模型: /Users/zhaoye/Desktop/1956_TI_Dataset/models/super_optimized_best_yolov8n.pt
2025-09-03 15:27:50,432 - INFO - ✅ 模型加载成功 (5.92 MB)
2025-09-03 15:27:50,433 - INFO - 🚀 启动1962 Multi小规模数据集提取Pipeline
2025-09-03 15:27:50,433 - INFO - ======================================================================
2025-09-03 15:27:50,433 - INFO - 📂 扫描源目录: /Users/zhaoye/Desktop/1962 Multi
2025-09-03 15:27:50,434 - INFO - 📊 找到 2 个图像文件
2025-09-03 15:27:50,434 - INFO - 🚀 开始处理 2 个图像文件
2025-09-03 15:27:50,434 - INFO - 📦 处理进度: 1/2 (50.0%)
2025-09-03 15:27:50,434 - INFO - 🔍 处理图像: 1962_Issue 5_End Cover.pdf_001_fig0.png
2025-09-03 15:27:58,811 - INFO -    检测到 1 个目标
2025-09-03 15:27:58,867 - INFO -    提取图像 1: medium 置信度 0.467, 区域大小 1260x1833
2025-09-03 15:27:58,888 - INFO -    保存标注图像: 1962_Issue 5_End Cover.pdf_001_fig0_annotated.jpg
2025-09-03 15:27:58,889 - INFO - 📦 处理进度: 2/2 (100.0%)
2025-09-03 15:27:58,889 - INFO - 🔍 处理图像: 1962_Issue 8_7.pdf_001_fig2.png
2025-09-03 15:27:58,935 - INFO -    检测到 4 个目标
2025-09-03 15:27:58,949 - INFO -    提取图像 1: high 置信度 0.976, 区域大小 602x314
2025-09-03 15:27:58,951 - INFO -    提取图像 2: high 置信度 0.929, 区域大小 663x343
2025-09-03 15:27:58,952 - INFO -    提取图像 3: medium 置信度 0.532, 区域大小 425x260
2025-09-03 15:27:58,953 - INFO -    提取图像 4: low 置信度 0.332, 区域大小 481x87
2025-09-03 15:27:58,956 - INFO -    保存标注图像: 1962_Issue 8_7.pdf_001_fig2_annotated.jpg
2025-09-03 15:27:58,956 - INFO - 🎉 处理完成!
2025-09-03 15:27:58,956 - INFO - 📊 处理统计:
2025-09-03 15:27:58,956 - INFO -    总文件数: 2
2025-09-03 15:27:58,956 - INFO -    成功处理: 2
2025-09-03 15:27:58,956 - INFO -    处理失败: 0
2025-09-03 15:27:58,956 - INFO -    总检测数: 5
2025-09-03 15:27:58,956 - INFO -    高置信度: 2 个
2025-09-03 15:27:58,956 - INFO -    中置信度: 2 个
2025-09-03 15:27:58,956 - INFO -    低置信度: 1 个
2025-09-03 15:27:58,956 - INFO -    数据集质量分数: 70.0/100
2025-09-03 15:27:58,956 - INFO -    处理时间: 8.5 秒
2025-09-03 15:27:58,956 - INFO -    处理速度: 0.23 张/秒
2025-09-03 15:27:58,956 - INFO - 📋 创建数据集元数据...
2025-09-03 15:27:58,970 - INFO - ✅ 数据集元数据已生成: /Users/zhaoye/Desktop/1962 Multi_Extracted_Dataset/metadata/dataset_metadata_20250903_152758.json
2025-09-03 15:27:58,970 - INFO - 📝 详细README文件已生成: /Users/zhaoye/Desktop/1962 Multi_Extracted_Dataset/README.md
2025-09-03 15:27:58,970 - INFO - 🎉 小规模数据集提取Pipeline执行成功!
2025-09-03 15:27:58,970 - INFO - 📋 数据集元数据: /Users/zhaoye/Desktop/1962 Multi_Extracted_Dataset/metadata/dataset_metadata_20250903_152758.json
2025-09-03 15:27:58,970 - INFO - 📁 数据集目录: /Users/zhaoye/Desktop/1962 Multi_Extracted_Dataset
