2025-09-08 19:06:04,096 - INFO - 🔄 加载模型: /Users/zhaoye/Desktop/1956_TI_Dataset/models/super_optimized_best_yolov8n.pt
2025-09-08 19:06:04,245 - INFO - ✅ 模型加载成功 (5.92 MB)
2025-09-08 19:06:04,246 - INFO - 🚀 启动1956 TI原始训练数据回归验证Pipeline
2025-09-08 19:06:04,246 - INFO - 🎯 第13个验证数据集 - 原始训练数据回归验证
2025-09-08 19:06:04,246 - INFO - 🔄 这是对原始训练数据的特殊回归验证测试
2025-09-08 19:06:04,246 - INFO - ======================================================================
2025-09-08 19:06:04,246 - INFO - 📂 扫描原始训练数据源目录: /Users/zhaoye/Desktop/1956 TI
2025-09-08 19:06:04,252 - INFO - 📊 找到 312 个原始训练图像文件
2025-09-08 19:06:04,252 - INFO - 📋 Issue分布: 6 个不同的Issue
2025-09-08 19:06:04,252 - INFO -    1956_Issue-1: 63 张图像
2025-09-08 19:06:04,252 - INFO -    1956_Issue-2: 48 张图像
2025-09-08 19:06:04,252 - INFO -    1956_Issue-3: 49 张图像
2025-09-08 19:06:04,252 - INFO -    1956_Issue-4: 67 张图像
2025-09-08 19:06:04,252 - INFO -    1956_Issue-5: 52 张图像
2025-09-08 19:06:04,252 - INFO -    1956_Issue-6: 33 张图像
2025-09-08 19:06:04,252 - INFO - 🚀 开始批量处理 312 个原始训练图像文件
2025-09-08 19:06:04,252 - INFO - 📦 批次大小: 20
2025-09-08 19:06:04,252 - INFO - 🎯 置信度阈值: 顶级≥0.9, 卓越≥0.8, 高≥0.65, 良好≥0.45, 低≥0.25
2025-09-08 19:06:04,252 - INFO - 🔄 这是原始训练数据的回归验证测试
2025-09-08 19:06:04,252 - INFO - 📦 处理批次 1/16 (20 个文件)
2025-09-08 19:06:07,506 - INFO -    批次进度: 10/20 (总进度: 3.2%, 速度: 3.07张/秒)
2025-09-08 19:06:09,927 - INFO -    批次进度: 20/20 (总进度: 6.4%, 速度: 3.52张/秒)
2025-09-08 19:06:09,927 - INFO - ✅ 批次 1 完成: 20 成功, 0 失败, 38 个检测, 用时: 5.7秒
2025-09-08 19:06:09,928 - INFO - 📦 处理批次 2/16 (20 个文件)
2025-09-08 19:06:12,272 - INFO -    批次进度: 10/20 (总进度: 9.6%, 速度: 3.74张/秒)
2025-09-08 19:06:14,335 - INFO -    批次进度: 20/20 (总进度: 12.8%, 速度: 3.97张/秒)
2025-09-08 19:06:14,335 - INFO - ✅ 批次 2 完成: 20 成功, 0 失败, 26 个检测, 用时: 4.4秒
2025-09-08 19:06:14,336 - INFO - 📦 处理批次 3/16 (20 个文件)
2025-09-08 19:06:16,252 - INFO -    批次进度: 10/20 (总进度: 16.0%, 速度: 4.17张/秒)
2025-09-08 19:06:18,050 - INFO -    批次进度: 20/20 (总进度: 19.2%, 速度: 4.35张/秒)
2025-09-08 19:06:18,050 - INFO - ✅ 批次 3 完成: 20 成功, 0 失败, 45 个检测, 用时: 3.7秒
2025-09-08 19:06:18,050 - INFO - 📦 处理批次 4/16 (20 个文件)
2025-09-08 19:06:19,738 - INFO -    批次进度: 10/20 (总进度: 22.4%, 速度: 4.52张/秒)
2025-09-08 19:06:20,855 - INFO -    批次进度: 20/20 (总进度: 25.6%, 速度: 4.82张/秒)
2025-09-08 19:06:20,855 - INFO - ✅ 批次 4 完成: 20 成功, 0 失败, 29 个检测, 用时: 2.8秒
2025-09-08 19:06:20,855 - INFO - 📦 处理批次 5/16 (20 个文件)
2025-09-08 19:06:22,238 - INFO -    批次进度: 10/20 (总进度: 28.8%, 速度: 5.00张/秒)
2025-09-08 19:06:23,305 - INFO -    批次进度: 20/20 (总进度: 32.1%, 速度: 5.25张/秒)
2025-09-08 19:06:23,305 - INFO - ✅ 批次 5 完成: 20 成功, 0 失败, 50 个检测, 用时: 2.4秒
2025-09-08 19:06:23,305 - INFO - 📦 处理批次 6/16 (20 个文件)
2025-09-08 19:06:24,932 - INFO -    批次进度: 10/20 (总进度: 35.3%, 速度: 5.32张/秒)
2025-09-08 19:06:26,741 - INFO -    批次进度: 20/20 (总进度: 38.5%, 速度: 5.34张/秒)
2025-09-08 19:06:26,741 - INFO - ✅ 批次 6 完成: 20 成功, 0 失败, 41 个检测, 用时: 3.4秒
2025-09-08 19:06:26,741 - INFO - 📦 处理批次 7/16 (20 个文件)
2025-09-08 19:06:28,004 - INFO -    批次进度: 10/20 (总进度: 41.7%, 速度: 5.47张/秒)
2025-09-08 19:06:29,436 - INFO -    批次进度: 20/20 (总进度: 44.9%, 速度: 5.56张/秒)
2025-09-08 19:06:29,436 - INFO - ✅ 批次 7 完成: 20 成功, 0 失败, 32 个检测, 用时: 2.7秒
2025-09-08 19:06:29,436 - INFO - 📦 处理批次 8/16 (20 个文件)
2025-09-08 19:06:31,405 - INFO -    批次进度: 10/20 (总进度: 48.1%, 速度: 5.52张/秒)
2025-09-08 19:06:34,035 - INFO -    批次进度: 20/20 (总进度: 51.3%, 速度: 5.37张/秒)
2025-09-08 19:06:34,035 - INFO - ✅ 批次 8 完成: 20 成功, 0 失败, 49 个检测, 用时: 4.6秒
2025-09-08 19:06:34,035 - INFO - 📦 处理批次 9/16 (20 个文件)
2025-09-08 19:06:35,759 - INFO -    批次进度: 10/20 (总进度: 54.5%, 速度: 5.40张/秒)
2025-09-08 19:06:37,249 - INFO -    批次进度: 20/20 (总进度: 57.7%, 速度: 5.45张/秒)
2025-09-08 19:06:37,251 - INFO - ✅ 批次 9 完成: 20 成功, 0 失败, 35 个检测, 用时: 3.2秒
2025-09-08 19:06:37,251 - INFO - 📦 处理批次 10/16 (20 个文件)
2025-09-08 19:06:38,661 - INFO -    批次进度: 10/20 (总进度: 60.9%, 速度: 5.52张/秒)
2025-09-08 19:06:40,029 - INFO -    批次进度: 20/20 (总进度: 64.1%, 速度: 5.59张/秒)
2025-09-08 19:06:40,029 - INFO - ✅ 批次 10 完成: 20 成功, 0 失败, 34 个检测, 用时: 2.8秒
2025-09-08 19:06:40,029 - INFO - 📦 处理批次 11/16 (20 个文件)
2025-09-08 19:06:41,836 - INFO -    批次进度: 10/20 (总进度: 67.3%, 速度: 5.59张/秒)
2025-09-08 19:06:43,598 - INFO -    批次进度: 20/20 (总进度: 70.5%, 速度: 5.59张/秒)
2025-09-08 19:06:43,600 - INFO - ✅ 批次 11 完成: 20 成功, 0 失败, 51 个检测, 用时: 3.6秒
2025-09-08 19:06:43,600 - INFO - 📦 处理批次 12/16 (20 个文件)
2025-09-08 19:06:45,384 - INFO -    批次进度: 10/20 (总进度: 73.7%, 速度: 5.59张/秒)
2025-09-08 19:06:47,361 - INFO -    批次进度: 20/20 (总进度: 76.9%, 速度: 5.57张/秒)
2025-09-08 19:06:47,363 - INFO - ✅ 批次 12 完成: 20 成功, 0 失败, 34 个检测, 用时: 3.8秒
2025-09-08 19:06:47,363 - INFO - 📦 处理批次 13/16 (20 个文件)
2025-09-08 19:06:48,924 - INFO -    批次进度: 10/20 (总进度: 80.1%, 速度: 5.60张/秒)
2025-09-08 19:06:50,914 - INFO -    批次进度: 20/20 (总进度: 83.3%, 速度: 5.57张/秒)
2025-09-08 19:06:50,914 - INFO - ✅ 批次 13 完成: 20 成功, 0 失败, 35 个检测, 用时: 3.6秒
2025-09-08 19:06:50,914 - INFO - 📦 处理批次 14/16 (20 个文件)
2025-09-08 19:06:53,170 - INFO -    批次进度: 10/20 (总进度: 86.5%, 速度: 5.52张/秒)
2025-09-08 19:06:55,453 - INFO -    批次进度: 20/20 (总进度: 89.7%, 速度: 5.47张/秒)
2025-09-08 19:06:55,453 - INFO - ✅ 批次 14 完成: 20 成功, 0 失败, 46 个检测, 用时: 4.5秒
2025-09-08 19:06:55,453 - INFO - 📦 处理批次 15/16 (20 个文件)
2025-09-08 19:06:57,521 - INFO -    批次进度: 10/20 (总进度: 92.9%, 速度: 5.44张/秒)
2025-09-08 19:06:58,758 - INFO -    批次进度: 20/20 (总进度: 96.2%, 速度: 5.50张/秒)
2025-09-08 19:06:58,758 - INFO - ✅ 批次 15 完成: 20 成功, 0 失败, 26 个检测, 用时: 3.3秒
2025-09-08 19:06:58,758 - INFO - 📦 处理批次 16/16 (12 个文件)
2025-09-08 19:06:59,940 - INFO -    批次进度: 10/12 (总进度: 99.4%, 速度: 5.57张/秒)
2025-09-08 19:07:00,000 - INFO -    批次进度: 12/12 (总进度: 100.0%, 速度: 5.60张/秒)
2025-09-08 19:07:00,000 - INFO - ✅ 批次 16 完成: 12 成功, 0 失败, 14 个检测, 用时: 1.2秒
2025-09-08 19:07:00,001 - INFO - 🎉 批量处理完成!
2025-09-08 19:07:00,001 - INFO - 📊 原始训练数据回归验证统计:
2025-09-08 19:07:00,001 - INFO -    总文件数: 312
2025-09-08 19:07:00,001 - INFO -    成功处理: 312 (100.0%)
2025-09-08 19:07:00,001 - INFO -    处理失败: 0
2025-09-08 19:07:00,001 - INFO -    总检测数: 585
2025-09-08 19:07:00,001 - INFO -    顶级置信度: 328 个
2025-09-08 19:07:00,001 - INFO -    卓越置信度: 62 个
2025-09-08 19:07:00,001 - INFO -    高置信度: 66 个
2025-09-08 19:07:00,001 - INFO -    良好置信度: 57 个
2025-09-08 19:07:00,001 - INFO -    低置信度: 72 个
2025-09-08 19:07:00,001 - INFO -    数据集质量分数: 82.5/100
2025-09-08 19:07:00,001 - INFO -    处理时间: 55.7 秒 (0.9 分钟)
2025-09-08 19:07:00,001 - INFO -    处理速度: 5.60 张/秒
2025-09-08 19:07:00,001 - INFO - 📋 创建1956 TI原始数据回归验证元数据...
2025-09-08 19:07:00,026 - INFO - ✅ 回归验证数据集元数据已生成: /Users/zhaoye/Desktop/1956 TI_Extracted_Dataset/metadata/regression_metadata_20250908_190700.json
2025-09-08 19:07:00,026 - INFO - 📝 详细README文件已生成: /Users/zhaoye/Desktop/1956 TI_Extracted_Dataset/README.md
2025-09-08 19:07:00,026 - INFO - 📊 Issue分析报告已生成: /Users/zhaoye/Desktop/1956 TI_Extracted_Dataset/issue_analysis/issue_performance_report.json
2025-09-08 19:07:00,026 - INFO - 🏆 质量分析报告已生成: /Users/zhaoye/Desktop/1956 TI_Extracted_Dataset/quality_reports/dataset_quality_report.json
2025-09-08 19:07:00,026 - INFO - 🔄 回归验证报告已生成: /Users/zhaoye/Desktop/1956 TI_Extracted_Dataset/regression_analysis/regression_validation_report.json
2025-09-08 19:07:00,026 - INFO - 📈 训练数据对比报告已生成: /Users/zhaoye/Desktop/1956 TI_Extracted_Dataset/training_data_comparison/training_data_comparison_report.json
2025-09-08 19:07:00,026 - INFO - 🎉 1956 TI原始训练数据回归验证Pipeline执行成功!
2025-09-08 19:07:00,026 - INFO - 🏆 第13个验证数据集完成，原始训练数据回归验证结束!
2025-09-08 19:07:00,026 - INFO - 📋 回归验证元数据: /Users/zhaoye/Desktop/1956 TI_Extracted_Dataset/metadata/regression_metadata_20250908_190700.json
2025-09-08 19:07:00,026 - INFO - 📁 数据集目录: /Users/zhaoye/Desktop/1956 TI_Extracted_Dataset
