2025-09-08 19:46:37,598 - INFO - 🔄 加载模型: /Users/zhaoye/Desktop/1956_TI_Dataset/models/super_optimized_best_yolov8n.pt
2025-09-08 19:46:37,726 - INFO - ✅ 模型加载成功 (5.92 MB)
2025-09-08 19:46:37,726 - INFO - 🚀 启动1956 Multi综合数据集提取Pipeline
2025-09-08 19:46:37,726 - INFO - 🎯 第14个验证数据集 - 1956年系列收官之作
2025-09-08 19:46:37,726 - INFO - 📅 与原始训练数据同年份的特殊验证
2025-09-08 19:46:37,726 - INFO - ======================================================================
2025-09-08 19:46:37,726 - INFO - 📂 扫描1956 Multi源目录: /Users/zhaoye/Desktop/1956 Multi
2025-09-08 19:46:37,728 - INFO - 📊 找到 46 个1956 Multi图像文件
2025-09-08 19:46:37,728 - INFO - 📋 Issue分布: 6 个不同的Issue
2025-09-08 19:46:37,728 - INFO -    1956_Issue-1: 15 张图像
2025-09-08 19:46:37,728 - INFO -    1956_Issue-2: 9 张图像
2025-09-08 19:46:37,728 - INFO -    1956_Issue-3: 6 张图像
2025-09-08 19:46:37,728 - INFO -    1956_Issue-4: 7 张图像
2025-09-08 19:46:37,728 - INFO -    1956_Issue-5: 4 张图像
2025-09-08 19:46:37,728 - INFO -    1956_Issue-6: 5 张图像
2025-09-08 19:46:37,728 - INFO - 🚀 开始批量处理 46 个1956 Multi图像文件
2025-09-08 19:46:37,728 - INFO - 📦 批次大小: 15
2025-09-08 19:46:37,728 - INFO - 🎯 置信度阈值: 顶级≥0.9, 卓越≥0.8, 高≥0.65, 良好≥0.45, 低≥0.25
2025-09-08 19:46:37,728 - INFO - 🏆 这是1956年系列的收官之作
2025-09-08 19:46:37,728 - INFO - 📦 处理批次 1/4 (15 个文件)
2025-09-08 19:46:41,670 - INFO -    批次进度: 10/15 (总进度: 21.7%, 速度: 2.54张/秒)
2025-09-08 19:46:42,730 - INFO -    批次进度: 15/15 (总进度: 32.6%, 速度: 3.00张/秒)
2025-09-08 19:46:42,730 - INFO - ✅ 批次 1 完成: 15 成功, 0 失败, 44 个检测, 用时: 5.0秒
2025-09-08 19:46:42,730 - INFO - 📦 处理批次 2/4 (15 个文件)
2025-09-08 19:46:50,553 - INFO -    批次进度: 10/15 (总进度: 54.3%, 速度: 1.95张/秒)
2025-09-08 19:46:51,856 - INFO -    批次进度: 15/15 (总进度: 65.2%, 速度: 2.12张/秒)
2025-09-08 19:46:51,856 - INFO - ✅ 批次 2 完成: 15 成功, 0 失败, 37 个检测, 用时: 9.1秒
2025-09-08 19:46:51,856 - INFO - 📦 处理批次 3/4 (15 个文件)
2025-09-08 19:46:54,098 - INFO -    批次进度: 10/15 (总进度: 87.0%, 速度: 2.44张/秒)
2025-09-08 19:46:55,744 - INFO -    批次进度: 15/15 (总进度: 97.8%, 速度: 2.50张/秒)
2025-09-08 19:46:55,745 - INFO - ✅ 批次 3 完成: 15 成功, 0 失败, 45 个检测, 用时: 3.9秒
2025-09-08 19:46:55,745 - INFO - 📦 处理批次 4/4 (1 个文件)
2025-09-08 19:46:55,801 - INFO -    批次进度: 1/1 (总进度: 100.0%, 速度: 2.55张/秒)
2025-09-08 19:46:55,801 - INFO - ✅ 批次 4 完成: 1 成功, 0 失败, 1 个检测, 用时: 0.1秒
2025-09-08 19:46:55,801 - INFO - 🎉 批量处理完成!
2025-09-08 19:46:55,801 - INFO - 📊 1956 Multi处理统计:
2025-09-08 19:46:55,801 - INFO -    总文件数: 46
2025-09-08 19:46:55,802 - INFO -    成功处理: 46 (100.0%)
2025-09-08 19:46:55,802 - INFO -    处理失败: 0
2025-09-08 19:46:55,802 - INFO -    总检测数: 127
2025-09-08 19:46:55,802 - INFO -    顶级置信度: 51 个
2025-09-08 19:46:55,802 - INFO -    卓越置信度: 12 个
2025-09-08 19:46:55,802 - INFO -    高置信度: 14 个
2025-09-08 19:46:55,802 - INFO -    良好置信度: 17 个
2025-09-08 19:46:55,802 - INFO -    低置信度: 33 个
2025-09-08 19:46:55,803 - INFO -    数据集质量分数: 70.8/100
2025-09-08 19:46:55,803 - INFO -    处理时间: 18.1 秒 (0.3 分钟)
2025-09-08 19:46:55,803 - INFO -    处理速度: 2.55 张/秒
2025-09-08 19:46:55,803 - INFO - 📋 创建1956 Multi综合数据集元数据...
2025-09-08 19:46:55,836 - INFO - ✅ 1956 Multi综合数据集元数据已生成: /Users/zhaoye/Desktop/1956 Multi_Extracted_Dataset/metadata/comprehensive_metadata_20250908_194655.json
2025-09-08 19:46:55,836 - INFO - 📝 详细README文件已生成: /Users/zhaoye/Desktop/1956 Multi_Extracted_Dataset/README.md
2025-09-08 19:46:55,836 - INFO - 📊 Issue分析报告已生成: /Users/zhaoye/Desktop/1956 Multi_Extracted_Dataset/issue_analysis/issue_performance_report.json
2025-09-08 19:46:55,836 - INFO - 🏆 质量分析报告已生成: /Users/zhaoye/Desktop/1956 Multi_Extracted_Dataset/quality_reports/dataset_quality_report.json
2025-09-08 19:46:55,836 - INFO - 📅 1956年分析报告已生成: /Users/zhaoye/Desktop/1956 Multi_Extracted_Dataset/year_1956_analysis/year_1956_analysis_report.json
2025-09-08 19:46:55,836 - INFO - 🎉 1956 Multi综合数据集提取Pipeline执行成功!
2025-09-08 19:46:55,836 - INFO - 🏆 第14个验证数据集完成，1956年系列圆满结束!
2025-09-08 19:46:55,836 - INFO - 📋 综合元数据: /Users/zhaoye/Desktop/1956 Multi_Extracted_Dataset/metadata/comprehensive_metadata_20250908_194655.json
2025-09-08 19:46:55,836 - INFO - 📁 数据集目录: /Users/zhaoye/Desktop/1956 Multi_Extracted_Dataset
