2025-09-08 16:50:29,827 - INFO - 🔄 加载模型: /Users/zhaoye/Desktop/1956_TI_Dataset/models/super_optimized_best_yolov8n.pt
2025-09-08 16:50:29,951 - INFO - ✅ 模型加载成功 (5.92 MB)
2025-09-08 16:50:29,951 - INFO - 🚀 启动1957 TI超级终极数据集提取Pipeline
2025-09-08 16:50:29,951 - INFO - ======================================================================
2025-09-08 16:50:29,951 - INFO - 📂 递归扫描源目录: /Users/zhaoye/Desktop/1957 TI
2025-09-08 16:50:29,956 - INFO -    📁 1957 3: 321 张图像
2025-09-08 16:50:29,962 - INFO -    📁 1957 2: 349 张图像
2025-09-08 16:50:29,964 - INFO -    📁 1957 1: 105 张图像
2025-09-08 16:50:29,966 - INFO - 📊 总共找到 775 个图像文件
2025-09-08 16:50:29,966 - INFO - 📋 三子文件夹分布:
2025-09-08 16:50:29,966 - INFO -    1957 1: 105 张图像
2025-09-08 16:50:29,966 - INFO -    1957 2: 349 张图像
2025-09-08 16:50:29,966 - INFO -    1957 3: 321 张图像
2025-09-08 16:50:29,966 - INFO - 🚀 开始批量处理 775 个图像文件
2025-09-08 16:50:29,966 - INFO - 📦 批次大小: 30
2025-09-08 16:50:29,966 - INFO - 🎯 置信度阈值: 超级顶级≥0.98, 顶级≥0.9, 卓越≥0.8, 高≥0.65, 良好≥0.5, 中等≥0.35, 低≥0.25
2025-09-08 16:50:29,966 - INFO - 📦 处理批次 1/26 (30 个文件)
2025-09-08 16:50:36,244 - INFO -    批次进度: 25/30 (总进度: 3.2%, 速度: 3.98张/秒)
2025-09-08 16:50:37,282 - INFO -    批次进度: 30/30 (总进度: 3.9%, 速度: 4.10张/秒)
2025-09-08 16:50:37,282 - INFO - ✅ 批次 1 完成: 30 成功, 0 失败, 56 个检测, 用时: 7.3秒
2025-09-08 16:50:37,282 - INFO - 📦 处理批次 2/26 (30 个文件)
2025-09-08 16:50:44,527 - INFO -    批次进度: 25/30 (总进度: 7.1%, 速度: 3.78张/秒)
2025-09-08 16:50:45,395 - INFO -    批次进度: 30/30 (总进度: 7.7%, 速度: 3.89张/秒)
2025-09-08 16:50:45,395 - INFO - ✅ 批次 2 完成: 30 成功, 0 失败, 67 个检测, 用时: 8.1秒
2025-09-08 16:50:45,396 - INFO - 📦 处理批次 3/26 (30 个文件)
2025-09-08 16:50:50,479 - INFO -    批次进度: 25/30 (总进度: 11.0%, 速度: 4.14张/秒)
2025-09-08 16:50:51,172 - INFO -    批次进度: 30/30 (总进度: 11.6%, 速度: 4.24张/秒)
2025-09-08 16:50:51,172 - INFO - ✅ 批次 3 完成: 30 成功, 0 失败, 67 个检测, 用时: 5.8秒
2025-09-08 16:50:51,172 - INFO - 📦 处理批次 4/26 (30 个文件)
2025-09-08 16:50:55,728 - INFO -    批次进度: 25/30 (总进度: 14.8%, 速度: 4.46张/秒)
2025-09-08 16:50:56,914 - INFO -    批次进度: 30/30 (总进度: 15.5%, 速度: 4.45张/秒)
2025-09-08 16:50:56,914 - INFO - ✅ 批次 4 完成: 30 成功, 0 失败, 62 个检测, 用时: 5.7秒
2025-09-08 16:50:56,914 - INFO - 📦 处理批次 5/26 (30 个文件)
2025-09-08 16:51:01,763 - INFO -    批次进度: 25/30 (总进度: 18.7%, 速度: 4.56张/秒)
2025-09-08 16:51:02,797 - INFO -    批次进度: 30/30 (总进度: 19.4%, 速度: 4.57张/秒)
2025-09-08 16:51:02,797 - INFO - ✅ 批次 5 完成: 30 成功, 0 失败, 72 个检测, 用时: 5.9秒
2025-09-08 16:51:02,797 - INFO - 📦 处理批次 6/26 (30 个文件)
2025-09-08 16:51:06,743 - INFO -    批次进度: 25/30 (总进度: 22.6%, 速度: 4.76张/秒)
2025-09-08 16:51:07,642 - INFO -    批次进度: 30/30 (总进度: 23.2%, 速度: 4.78张/秒)
2025-09-08 16:51:07,642 - INFO - ✅ 批次 6 完成: 30 成功, 0 失败, 61 个检测, 用时: 4.8秒
2025-09-08 16:51:07,642 - INFO - 📦 处理批次 7/26 (30 个文件)
2025-09-08 16:51:29,611 - INFO -    批次进度: 25/30 (总进度: 26.5%, 速度: 3.44张/秒)
2025-09-08 16:51:30,757 - INFO -    批次进度: 30/30 (总进度: 27.1%, 速度: 3.45张/秒)
2025-09-08 16:51:30,757 - INFO - ✅ 批次 7 完成: 30 成功, 0 失败, 84 个检测, 用时: 23.1秒
2025-09-08 16:51:30,757 - INFO - 📦 处理批次 8/26 (30 个文件)
2025-09-08 16:51:35,458 - INFO -    批次进度: 25/30 (总进度: 30.3%, 速度: 3.59张/秒)
2025-09-08 16:51:36,392 - INFO -    批次进度: 30/30 (总进度: 31.0%, 速度: 3.61张/秒)
2025-09-08 16:51:36,392 - INFO - ✅ 批次 8 完成: 30 成功, 0 失败, 52 个检测, 用时: 5.6秒
2025-09-08 16:51:36,392 - INFO - 📦 处理批次 9/26 (30 个文件)
2025-09-08 16:51:42,203 - INFO -    批次进度: 25/30 (总进度: 34.2%, 速度: 3.67张/秒)
2025-09-08 16:51:43,276 - INFO -    批次进度: 30/30 (总进度: 34.8%, 速度: 3.68张/秒)
2025-09-08 16:51:43,277 - INFO - ✅ 批次 9 完成: 30 成功, 0 失败, 65 个检测, 用时: 6.9秒
2025-09-08 16:51:43,277 - INFO - 📦 处理批次 10/26 (30 个文件)
2025-09-08 16:51:57,212 - INFO -    批次进度: 25/30 (总进度: 38.1%, 速度: 3.38张/秒)
2025-09-08 16:51:57,838 - INFO -    批次进度: 30/30 (总进度: 38.7%, 速度: 3.41张/秒)
2025-09-08 16:51:57,838 - INFO - ✅ 批次 10 完成: 30 成功, 0 失败, 52 个检测, 用时: 14.6秒
2025-09-08 16:51:57,838 - INFO - 📦 处理批次 11/26 (30 个文件)
2025-09-08 16:52:09,337 - INFO -    批次进度: 25/30 (总进度: 41.9%, 速度: 3.27张/秒)
2025-09-08 16:52:10,353 - INFO -    批次进度: 30/30 (总进度: 42.6%, 速度: 3.29张/秒)
2025-09-08 16:52:10,353 - INFO - ✅ 批次 11 完成: 30 成功, 0 失败, 70 个检测, 用时: 12.5秒
2025-09-08 16:52:10,353 - INFO - 📦 处理批次 12/26 (30 个文件)
2025-09-08 16:52:19,316 - INFO -    批次进度: 25/30 (总进度: 45.8%, 速度: 3.25张/秒)
2025-09-08 16:52:19,988 - INFO -    批次进度: 30/30 (总进度: 46.5%, 速度: 3.27张/秒)
2025-09-08 16:52:19,988 - INFO - ✅ 批次 12 完成: 30 成功, 0 失败, 60 个检测, 用时: 9.6秒
2025-09-08 16:52:19,988 - INFO - 📦 处理批次 13/26 (30 个文件)
2025-09-08 16:52:24,355 - INFO -    批次进度: 25/30 (总进度: 49.7%, 速度: 3.37张/秒)
2025-09-08 16:52:25,516 - INFO -    批次进度: 30/30 (总进度: 50.3%, 速度: 3.38张/秒)
2025-09-08 16:52:25,516 - INFO - ✅ 批次 13 完成: 30 成功, 0 失败, 49 个检测, 用时: 5.5秒
2025-09-08 16:52:25,516 - INFO - 📦 处理批次 14/26 (30 个文件)
2025-09-08 16:52:36,978 - INFO -    批次进度: 25/30 (总进度: 53.5%, 速度: 3.27张/秒)
2025-09-08 16:52:37,659 - INFO -    批次进度: 30/30 (总进度: 54.2%, 速度: 3.29张/秒)
2025-09-08 16:52:37,659 - INFO - ✅ 批次 14 完成: 30 成功, 0 失败, 56 个检测, 用时: 12.1秒
2025-09-08 16:52:37,659 - INFO - 📦 处理批次 15/26 (30 个文件)
2025-09-08 16:52:58,130 - INFO -    批次进度: 25/30 (总进度: 57.4%, 速度: 3.00张/秒)
2025-09-08 16:52:59,078 - INFO -    批次进度: 30/30 (总进度: 58.1%, 速度: 3.02张/秒)
2025-09-08 16:52:59,079 - INFO - ✅ 批次 15 完成: 30 成功, 0 失败, 64 个检测, 用时: 21.4秒
2025-09-08 16:52:59,079 - INFO - 📦 处理批次 16/26 (30 个文件)
2025-09-08 16:53:03,272 - INFO -    批次进度: 25/30 (总进度: 61.3%, 速度: 3.10张/秒)
2025-09-08 16:53:04,516 - INFO -    批次进度: 30/30 (总进度: 61.9%, 速度: 3.11张/秒)
2025-09-08 16:53:04,516 - INFO - ✅ 批次 16 完成: 30 成功, 0 失败, 60 个检测, 用时: 5.4秒
2025-09-08 16:53:04,516 - INFO - 📦 处理批次 17/26 (30 个文件)
2025-09-08 16:53:25,399 - INFO -    批次进度: 25/30 (总进度: 65.2%, 速度: 2.88张/秒)
2025-09-08 16:53:26,437 - INFO -    批次进度: 30/30 (总进度: 65.8%, 速度: 2.89张/秒)
2025-09-08 16:53:26,437 - INFO - ✅ 批次 17 完成: 30 成功, 0 失败, 64 个检测, 用时: 21.9秒
2025-09-08 16:53:26,437 - INFO - 📦 处理批次 18/26 (30 个文件)
2025-09-08 16:53:30,342 - INFO -    批次进度: 25/30 (总进度: 69.0%, 速度: 2.97张/秒)
2025-09-08 16:53:31,040 - INFO -    批次进度: 30/30 (总进度: 69.7%, 速度: 2.98张/秒)
2025-09-08 16:53:31,040 - INFO - ✅ 批次 18 完成: 30 成功, 0 失败, 55 个检测, 用时: 4.6秒
2025-09-08 16:53:31,040 - INFO - 📦 处理批次 19/26 (30 个文件)
2025-09-08 16:53:48,789 - INFO -    批次进度: 25/30 (总进度: 72.9%, 速度: 2.84张/秒)
2025-09-08 16:53:49,812 - INFO -    批次进度: 30/30 (总进度: 73.5%, 速度: 2.85张/秒)
2025-09-08 16:53:49,813 - INFO - ✅ 批次 19 完成: 30 成功, 0 失败, 70 个检测, 用时: 18.8秒
2025-09-08 16:53:49,813 - INFO - 📦 处理批次 20/26 (30 个文件)
2025-09-08 16:53:55,005 - INFO -    批次进度: 25/30 (总进度: 76.8%, 速度: 2.90张/秒)
2025-09-08 16:53:55,993 - INFO -    批次进度: 30/30 (总进度: 77.4%, 速度: 2.91张/秒)
2025-09-08 16:53:55,994 - INFO - ✅ 批次 20 完成: 30 成功, 0 失败, 43 个检测, 用时: 6.2秒
2025-09-08 16:53:55,994 - INFO - 📦 处理批次 21/26 (30 个文件)
2025-09-08 16:54:05,228 - INFO -    批次进度: 25/30 (总进度: 80.6%, 速度: 2.90张/秒)
2025-09-08 16:54:06,120 - INFO -    批次进度: 30/30 (总进度: 81.3%, 速度: 2.91张/秒)
2025-09-08 16:54:06,120 - INFO - ✅ 批次 21 完成: 30 成功, 0 失败, 52 个检测, 用时: 10.1秒
2025-09-08 16:54:06,120 - INFO - 📦 处理批次 22/26 (30 个文件)
2025-09-08 16:54:18,088 - INFO -    批次进度: 25/30 (总进度: 84.5%, 速度: 2.87张/秒)
2025-09-08 16:54:19,269 - INFO -    批次进度: 30/30 (总进度: 85.2%, 速度: 2.88张/秒)
2025-09-08 16:54:19,269 - INFO - ✅ 批次 22 完成: 30 成功, 0 失败, 54 个检测, 用时: 13.1秒
2025-09-08 16:54:19,269 - INFO - 📦 处理批次 23/26 (30 个文件)
2025-09-08 16:54:33,240 - INFO -    批次进度: 25/30 (总进度: 88.4%, 速度: 2.82张/秒)
2025-09-08 16:54:34,044 - INFO -    批次进度: 30/30 (总进度: 89.0%, 速度: 2.83张/秒)
2025-09-08 16:54:34,044 - INFO - ✅ 批次 23 完成: 30 成功, 0 失败, 46 个检测, 用时: 14.8秒
2025-09-08 16:54:34,044 - INFO - 📦 处理批次 24/26 (30 个文件)
2025-09-08 16:54:39,417 - INFO -    批次进度: 25/30 (总进度: 92.3%, 速度: 2.87张/秒)
2025-09-08 16:54:40,403 - INFO -    批次进度: 30/30 (总进度: 92.9%, 速度: 2.87张/秒)
2025-09-08 16:54:40,403 - INFO - ✅ 批次 24 完成: 30 成功, 0 失败, 38 个检测, 用时: 6.4秒
2025-09-08 16:54:40,403 - INFO - 📦 处理批次 25/26 (30 个文件)
2025-09-08 16:54:49,928 - INFO -    批次进度: 25/30 (总进度: 96.1%, 速度: 2.87张/秒)
2025-09-08 16:54:54,129 - INFO -    批次进度: 30/30 (总进度: 96.8%, 速度: 2.84张/秒)
2025-09-08 16:54:54,130 - INFO - ✅ 批次 25 完成: 30 成功, 0 失败, 66 个检测, 用时: 13.7秒
2025-09-08 16:54:54,130 - INFO - 📦 处理批次 26/26 (25 个文件)
2025-09-08 16:55:04,952 - INFO -    批次进度: 25/25 (总进度: 100.0%, 速度: 2.82张/秒)
2025-09-08 16:55:04,953 - INFO - ✅ 批次 26 完成: 25 成功, 0 失败, 44 个检测, 用时: 10.8秒
2025-09-08 16:55:04,953 - INFO - 🎉 批量处理完成!
2025-09-08 16:55:04,953 - INFO - 📊 处理统计:
2025-09-08 16:55:04,953 - INFO -    总文件数: 775
2025-09-08 16:55:04,953 - INFO -    成功处理: 775 (100.0%)
2025-09-08 16:55:04,953 - INFO -    处理失败: 0
2025-09-08 16:55:04,954 - INFO -    总检测数: 1529
2025-09-08 16:55:04,954 - INFO -    超级顶级置信度: 294 个
2025-09-08 16:55:04,954 - INFO -    顶级置信度: 350 个
2025-09-08 16:55:04,954 - INFO -    卓越置信度: 204 个
2025-09-08 16:55:04,954 - INFO -    高置信度: 171 个
2025-09-08 16:55:04,954 - INFO -    良好置信度: 160 个
2025-09-08 16:55:04,954 - INFO -    中等置信度: 208 个
2025-09-08 16:55:04,954 - INFO -    低置信度: 142 个
2025-09-08 16:55:04,954 - INFO -    数据集质量分数: 72.1/100
2025-09-08 16:55:04,954 - INFO -    处理时间: 275.0 秒 (4.6 分钟)
2025-09-08 16:55:04,954 - INFO -    处理速度: 2.82 张/秒
2025-09-08 16:55:04,954 - INFO - 📋 创建1957 TI超级终极数据集元数据...
2025-09-08 16:55:04,994 - INFO - ✅ 超级终极数据集元数据已生成: /Users/zhaoye/Desktop/1957 TI_Extracted_Dataset/metadata/ultimate_metadata_20250908_165504.json
2025-09-08 16:55:04,994 - INFO - 📝 详细README文件已生成: /Users/zhaoye/Desktop/1957 TI_Extracted_Dataset/README.md
2025-09-08 16:55:04,994 - INFO - 📊 子文件夹分析报告已生成: /Users/zhaoye/Desktop/1957 TI_Extracted_Dataset/subfolder_analysis/subfolder_performance_report.json
2025-09-08 16:55:04,994 - INFO - 🗺️ 源文件映射已生成: /Users/zhaoye/Desktop/1957 TI_Extracted_Dataset/source_mapping/source_to_subfolder_mapping.json
2025-09-08 16:55:04,994 - INFO - 🏆 超级终极质量报告已生成: /Users/zhaoye/Desktop/1957 TI_Extracted_Dataset/quality_reports/ultimate_quality_report.json
2025-09-08 16:55:04,994 - INFO - ⚡ 性能分析报告已生成: /Users/zhaoye/Desktop/1957 TI_Extracted_Dataset/performance_analysis/performance_analysis_report.json
2025-09-08 16:55:04,994 - INFO - 🎉 1957 TI超级终极数据集提取Pipeline执行成功!
2025-09-08 16:55:04,994 - INFO - 📋 超级终极元数据: /Users/zhaoye/Desktop/1957 TI_Extracted_Dataset/metadata/ultimate_metadata_20250908_165504.json
2025-09-08 16:55:04,994 - INFO - 📁 数据集目录: /Users/zhaoye/Desktop/1957 TI_Extracted_Dataset
