2025-09-08 18:48:30,834 - INFO - 🔄 加载模型: /Users/zhaoye/Desktop/1956_TI_Dataset/models/super_optimized_best_yolov8n.pt
2025-09-08 18:48:30,997 - INFO - ✅ 模型加载成功 (5.92 MB)
2025-09-08 18:48:30,997 - INFO - 🚀 启动1957 Multi综合数据集提取Pipeline
2025-09-08 18:48:30,997 - INFO - 🎯 第12个验证数据集 - 完成最终验证系列
2025-09-08 18:48:30,997 - INFO - ======================================================================
2025-09-08 18:48:30,997 - INFO - 📂 扫描源目录: /Users/zhaoye/Desktop/1957 Multi
2025-09-08 18:48:31,000 - INFO - 📊 找到 91 个图像文件
2025-09-08 18:48:31,000 - INFO - 📋 Issue分布: 12 个不同的Issue
2025-09-08 18:48:31,000 - INFO -    1957_Issue-1: 6 张图像
2025-09-08 18:48:31,000 - INFO -    1957_Issue-10: 14 张图像
2025-09-08 18:48:31,000 - INFO -    1957_Issue-11: 3 张图像
2025-09-08 18:48:31,000 - INFO -    1957_Issue-12: 7 张图像
2025-09-08 18:48:31,000 - INFO -    1957_Issue-2: 2 张图像
2025-09-08 18:48:31,000 - INFO -    1957_Issue-3: 3 张图像
2025-09-08 18:48:31,000 - INFO -    1957_Issue-4: 4 张图像
2025-09-08 18:48:31,000 - INFO -    1957_Issue-5: 7 张图像
2025-09-08 18:48:31,000 - INFO -    1957_Issue-6: 11 张图像
2025-09-08 18:48:31,000 - INFO -    1957_Issue-7: 3 张图像
2025-09-08 18:48:31,000 - INFO -    1957_Issue-8: 19 张图像
2025-09-08 18:48:31,000 - INFO -    1957_Issue-9: 12 张图像
2025-09-08 18:48:31,000 - INFO - 🚀 开始批量处理 91 个图像文件
2025-09-08 18:48:31,000 - INFO - 📦 批次大小: 20
2025-09-08 18:48:31,000 - INFO - 🎯 置信度阈值: 顶级≥0.9, 卓越≥0.8, 高≥0.65, 良好≥0.45, 低≥0.25
2025-09-08 18:48:31,000 - INFO - 📦 处理批次 1/5 (20 个文件)
2025-09-08 18:48:34,320 - INFO -    批次进度: 10/20 (总进度: 11.0%, 速度: 3.01张/秒)
2025-09-08 18:48:36,118 - INFO -    批次进度: 20/20 (总进度: 22.0%, 速度: 3.91张/秒)
2025-09-08 18:48:36,118 - INFO - ✅ 批次 1 完成: 20 成功, 0 失败, 47 个检测, 用时: 5.1秒
2025-09-08 18:48:36,118 - INFO - 📦 处理批次 2/5 (20 个文件)
2025-09-08 18:48:43,596 - INFO -    批次进度: 10/20 (总进度: 33.0%, 速度: 2.38张/秒)
2025-09-08 18:48:49,650 - INFO -    批次进度: 20/20 (总进度: 44.0%, 速度: 2.14张/秒)
2025-09-08 18:48:49,651 - INFO - ✅ 批次 2 完成: 20 成功, 0 失败, 55 个检测, 用时: 13.5秒
2025-09-08 18:48:49,651 - INFO - 📦 处理批次 3/5 (20 个文件)
2025-09-08 18:48:52,140 - INFO -    批次进度: 10/20 (总进度: 54.9%, 速度: 2.37张/秒)
2025-09-08 18:48:53,942 - INFO -    批次进度: 20/20 (总进度: 65.9%, 速度: 2.62张/秒)
2025-09-08 18:48:53,942 - INFO - ✅ 批次 3 完成: 20 成功, 0 失败, 43 个检测, 用时: 4.3秒
2025-09-08 18:48:53,942 - INFO - 📦 处理批次 4/5 (20 个文件)
2025-09-08 18:48:55,446 - INFO -    批次进度: 10/20 (总进度: 76.9%, 速度: 2.86张/秒)
2025-09-08 18:48:56,850 - INFO -    批次进度: 20/20 (总进度: 87.9%, 速度: 3.09张/秒)
2025-09-08 18:48:56,850 - INFO - ✅ 批次 4 完成: 20 成功, 0 失败, 44 个检测, 用时: 2.9秒
2025-09-08 18:48:56,850 - INFO - 📦 处理批次 5/5 (11 个文件)
2025-09-08 18:48:59,151 - INFO -    批次进度: 10/11 (总进度: 98.9%, 速度: 3.20张/秒)
2025-09-08 18:48:59,281 - INFO -    批次进度: 11/11 (总进度: 100.0%, 速度: 3.22张/秒)
2025-09-08 18:48:59,281 - INFO - ✅ 批次 5 完成: 11 成功, 0 失败, 39 个检测, 用时: 2.4秒
2025-09-08 18:48:59,282 - INFO - 🎉 批量处理完成!
2025-09-08 18:48:59,282 - INFO - 📊 处理统计:
2025-09-08 18:48:59,282 - INFO -    总文件数: 91
2025-09-08 18:48:59,282 - INFO -    成功处理: 91 (100.0%)
2025-09-08 18:48:59,282 - INFO -    处理失败: 0
2025-09-08 18:48:59,282 - INFO -    总检测数: 228
2025-09-08 18:48:59,282 - INFO -    顶级置信度: 73 个
2025-09-08 18:48:59,282 - INFO -    卓越置信度: 29 个
2025-09-08 18:48:59,282 - INFO -    高置信度: 34 个
2025-09-08 18:48:59,282 - INFO -    良好置信度: 42 个
2025-09-08 18:48:59,282 - INFO -    低置信度: 50 个
2025-09-08 18:48:59,282 - INFO -    数据集质量分数: 70.3/100
2025-09-08 18:48:59,282 - INFO -    处理时间: 28.3 秒 (0.5 分钟)
2025-09-08 18:48:59,282 - INFO -    处理速度: 3.22 张/秒
2025-09-08 18:48:59,283 - INFO - 📋 创建1957 Multi综合数据集元数据...
2025-09-08 18:48:59,303 - INFO - ✅ 综合数据集元数据已生成: /Users/zhaoye/Desktop/1957 Multi_Extracted_Dataset/metadata/comprehensive_metadata_20250908_184859.json
2025-09-08 18:48:59,304 - INFO - 📝 详细README文件已生成: /Users/zhaoye/Desktop/1957 Multi_Extracted_Dataset/README.md
2025-09-08 18:48:59,304 - INFO - 📊 Issue分析报告已生成: /Users/zhaoye/Desktop/1957 Multi_Extracted_Dataset/issue_analysis/issue_performance_report.json
2025-09-08 18:48:59,304 - INFO - 🏆 质量分析报告已生成: /Users/zhaoye/Desktop/1957 Multi_Extracted_Dataset/quality_reports/dataset_quality_report.json
2025-09-08 18:48:59,304 - INFO - 🎯 最终验证报告已生成: /Users/zhaoye/Desktop/1957 Multi_Extracted_Dataset/final_validation/final_validation_report.json
2025-09-08 18:48:59,304 - INFO - 🎉 1957 Multi综合数据集提取Pipeline执行成功!
2025-09-08 18:48:59,304 - INFO - 🏆 第12个验证数据集完成，验证系列圆满结束!
2025-09-08 18:48:59,304 - INFO - 📋 综合元数据: /Users/zhaoye/Desktop/1957 Multi_Extracted_Dataset/metadata/comprehensive_metadata_20250908_184859.json
2025-09-08 18:48:59,304 - INFO - 📁 数据集目录: /Users/zhaoye/Desktop/1957 Multi_Extracted_Dataset
