2025-09-03 15:19:02,751 - INFO - 🔄 加载模型: /Users/zhaoye/Desktop/1956_TI_Dataset/models/super_optimized_best_yolov8n.pt
2025-09-03 15:19:02,875 - INFO - ✅ 模型加载成功 (5.92 MB)
2025-09-03 15:19:02,875 - INFO - 🚀 启动1962 TI大规模数据集提取Pipeline
2025-09-03 15:19:02,875 - INFO - ================================================================================
2025-09-03 15:19:02,875 - INFO - 📂 扫描源目录: /Users/zhaoye/Desktop/1962 TI
2025-09-03 15:19:02,881 - INFO - 📊 找到 414 个图像文件
2025-09-03 15:19:02,881 - INFO - 🚀 开始批量处理 414 个图像文件
2025-09-03 15:19:02,881 - INFO - 📦 批次大小: 50
2025-09-03 15:19:02,881 - INFO - 🎯 置信度阈值: 高≥0.8, 良好≥0.6, 中≥0.4, 低≥0.25
2025-09-03 15:19:02,881 - INFO - 📦 处理批次 1/9 (50 个文件)
2025-09-03 15:19:04,414 - INFO -    批次进度: 10/50 (总进度: 2.4%, 速度: 6.52张/秒)
2025-09-03 15:19:05,344 - INFO -    批次进度: 20/50 (总进度: 4.8%, 速度: 8.12张/秒)
2025-09-03 15:19:06,389 - INFO -    批次进度: 30/50 (总进度: 7.2%, 速度: 8.55张/秒)
2025-09-03 15:19:07,198 - INFO -    批次进度: 40/50 (总进度: 9.7%, 速度: 9.27张/秒)
2025-09-03 15:19:08,214 - INFO -    批次进度: 50/50 (总进度: 12.1%, 速度: 9.38张/秒)
2025-09-03 15:19:08,214 - INFO - ✅ 批次 1 完成: 50 成功, 0 失败, 76 个检测, 用时: 5.3秒
2025-09-03 15:19:08,214 - INFO - 📦 处理批次 2/9 (50 个文件)
2025-09-03 15:19:09,168 - INFO -    批次进度: 10/50 (总进度: 14.5%, 速度: 9.54张/秒)
2025-09-03 15:19:09,861 - INFO -    批次进度: 20/50 (总进度: 16.9%, 速度: 10.03张/秒)
2025-09-03 15:19:14,564 - INFO -    批次进度: 30/50 (总进度: 19.3%, 速度: 6.85张/秒)
2025-09-03 15:19:15,269 - INFO -    批次进度: 40/50 (总进度: 21.7%, 速度: 7.27张/秒)
2025-09-03 15:19:16,006 - INFO -    批次进度: 50/50 (总进度: 24.2%, 速度: 7.62张/秒)
2025-09-03 15:19:16,006 - INFO - ✅ 批次 2 完成: 50 成功, 0 失败, 83 个检测, 用时: 7.8秒
2025-09-03 15:19:16,006 - INFO - 📦 处理批次 3/9 (50 个文件)
2025-09-03 15:19:17,315 - INFO -    批次进度: 10/50 (总进度: 26.6%, 速度: 7.62张/秒)
2025-09-03 15:19:18,759 - INFO -    批次进度: 20/50 (总进度: 29.0%, 速度: 7.56张/秒)
2025-09-03 15:19:19,952 - INFO -    批次进度: 30/50 (总进度: 31.4%, 速度: 7.62张/秒)
2025-09-03 15:19:21,216 - INFO -    批次进度: 40/50 (总进度: 33.8%, 速度: 7.64张/秒)
2025-09-03 15:19:22,247 - INFO -    批次进度: 50/50 (总进度: 36.2%, 速度: 7.75张/秒)
2025-09-03 15:19:22,248 - INFO - ✅ 批次 3 完成: 50 成功, 0 失败, 85 个检测, 用时: 6.2秒
2025-09-03 15:19:22,248 - INFO - 📦 处理批次 4/9 (50 个文件)
2025-09-03 15:19:27,538 - INFO -    批次进度: 10/50 (总进度: 38.6%, 速度: 6.49张/秒)
2025-09-03 15:19:29,055 - INFO -    批次进度: 20/50 (总进度: 41.1%, 速度: 6.50张/秒)
2025-09-03 15:19:30,245 - INFO -    批次进度: 30/50 (总进度: 43.5%, 速度: 6.58张/秒)
2025-09-03 15:19:31,312 - INFO -    批次进度: 40/50 (总进度: 45.9%, 速度: 6.68张/秒)
2025-09-03 15:19:32,716 - INFO -    批次进度: 50/50 (总进度: 48.3%, 速度: 6.70张/秒)
2025-09-03 15:19:32,716 - INFO - ✅ 批次 4 完成: 50 成功, 0 失败, 91 个检测, 用时: 10.5秒
2025-09-03 15:19:32,717 - INFO - 📦 处理批次 5/9 (50 个文件)
2025-09-03 15:19:33,959 - INFO -    批次进度: 10/50 (总进度: 50.7%, 速度: 6.76张/秒)
2025-09-03 15:19:35,583 - INFO -    批次进度: 20/50 (总进度: 53.1%, 速度: 6.73张/秒)
2025-09-03 15:19:36,542 - INFO -    批次进度: 30/50 (总进度: 55.6%, 速度: 6.83张/秒)
2025-09-03 15:19:37,781 - INFO -    批次进度: 40/50 (总进度: 58.0%, 速度: 6.88张/秒)
2025-09-03 15:19:38,928 - INFO -    批次进度: 50/50 (总进度: 60.4%, 速度: 6.94张/秒)
2025-09-03 15:19:38,928 - INFO - ✅ 批次 5 完成: 50 成功, 0 失败, 79 个检测, 用时: 6.2秒
2025-09-03 15:19:38,928 - INFO - 📦 处理批次 6/9 (50 个文件)
2025-09-03 15:19:40,196 - INFO -    批次进度: 10/50 (总进度: 62.8%, 速度: 6.97张/秒)
2025-09-03 15:19:44,963 - INFO -    批次进度: 20/50 (总进度: 65.2%, 速度: 6.42张/秒)
2025-09-03 15:19:45,656 - INFO -    批次进度: 30/50 (总进度: 67.6%, 速度: 6.55张/秒)
2025-09-03 15:19:46,549 - INFO -    批次进度: 40/50 (总进度: 70.0%, 速度: 6.64张/秒)
2025-09-03 15:19:47,394 - INFO -    批次进度: 50/50 (总进度: 72.5%, 速度: 6.74张/秒)
2025-09-03 15:19:47,394 - INFO - ✅ 批次 6 完成: 50 成功, 0 失败, 95 个检测, 用时: 8.5秒
2025-09-03 15:19:47,394 - INFO - 📦 处理批次 7/9 (50 个文件)
2025-09-03 15:19:48,569 - INFO -    批次进度: 10/50 (总进度: 74.9%, 速度: 6.79张/秒)
2025-09-03 15:19:49,403 - INFO -    批次进度: 20/50 (总进度: 77.3%, 速度: 6.88张/秒)
2025-09-03 15:19:50,282 - INFO -    批次进度: 30/50 (总进度: 79.7%, 速度: 6.96张/秒)
2025-09-03 15:19:51,187 - INFO -    批次进度: 40/50 (总进度: 82.1%, 速度: 7.04张/秒)
2025-09-03 15:19:56,747 - INFO -    批次进度: 50/50 (总进度: 84.5%, 速度: 6.50张/秒)
2025-09-03 15:19:56,748 - INFO - ✅ 批次 7 完成: 50 成功, 0 失败, 100 个检测, 用时: 9.4秒
2025-09-03 15:19:56,748 - INFO - 📦 处理批次 8/9 (50 个文件)
2025-09-03 15:19:57,404 - INFO -    批次进度: 10/50 (总进度: 87.0%, 速度: 6.60张/秒)
2025-09-03 15:19:58,053 - INFO -    批次进度: 20/50 (总进度: 89.4%, 速度: 6.71张/秒)
2025-09-03 15:19:58,932 - INFO -    批次进度: 30/50 (总进度: 91.8%, 速度: 6.78张/秒)
2025-09-03 15:20:06,045 - INFO -    批次进度: 40/50 (总进度: 94.2%, 速度: 6.17张/秒)
2025-09-03 15:20:06,860 - INFO -    批次进度: 50/50 (总进度: 96.6%, 速度: 6.25张/秒)
2025-09-03 15:20:06,860 - INFO - ✅ 批次 8 完成: 50 成功, 0 失败, 84 个检测, 用时: 10.1秒
2025-09-03 15:20:06,860 - INFO - 📦 处理批次 9/9 (14 个文件)
2025-09-03 15:20:07,770 - INFO -    批次进度: 10/14 (总进度: 99.0%, 速度: 6.32张/秒)
2025-09-03 15:20:08,100 - INFO -    批次进度: 14/14 (总进度: 100.0%, 速度: 6.35张/秒)
2025-09-03 15:20:08,100 - INFO - ✅ 批次 9 完成: 14 成功, 0 失败, 28 个检测, 用时: 1.2秒
2025-09-03 15:20:08,100 - INFO - 🎉 批量处理完成!
2025-09-03 15:20:08,100 - INFO - 📊 最终统计:
2025-09-03 15:20:08,100 - INFO -    总文件数: 414
2025-09-03 15:20:08,100 - INFO -    成功处理: 414 (100.0%)
2025-09-03 15:20:08,100 - INFO -    处理失败: 0
2025-09-03 15:20:08,100 - INFO -    总检测数: 721
2025-09-03 15:20:08,100 - INFO -    高置信度: 355 个
2025-09-03 15:20:08,100 - INFO -    良好置信度: 146 个
2025-09-03 15:20:08,101 - INFO -    中等置信度: 119 个
2025-09-03 15:20:08,101 - INFO -    低置信度: 101 个
2025-09-03 15:20:08,101 - INFO -    数据集质量分数: 76.5/100
2025-09-03 15:20:08,101 - INFO -    总处理时间: 65.2 秒 (1.1 分钟)
2025-09-03 15:20:08,101 - INFO -    处理速度: 6.35 张/秒
2025-09-03 15:20:08,101 - INFO - 📋 创建综合数据集元数据...
2025-09-03 15:20:08,115 - INFO - ✅ 综合数据集元数据已生成: /Users/zhaoye/Desktop/1962 TI_Extracted_Dataset/metadata/comprehensive_metadata_20250903_152008.json
2025-09-03 15:20:08,115 - INFO - 📝 详细README文件已生成: /Users/zhaoye/Desktop/1962 TI_Extracted_Dataset/README.md
2025-09-03 15:20:08,115 - INFO - 🎉 大规模数据集提取Pipeline执行成功!
2025-09-03 15:20:08,115 - INFO - 📋 综合元数据: /Users/zhaoye/Desktop/1962 TI_Extracted_Dataset/metadata/comprehensive_metadata_20250903_152008.json
2025-09-03 15:20:08,115 - INFO - 📁 数据集目录: /Users/zhaoye/Desktop/1962 TI_Extracted_Dataset
