2025-09-03 12:04:35,547 - INFO - 🖥️ 计算设备: Apple M2 MPS GPU
2025-09-03 12:04:35,548 - INFO - 🚀==================================================
2025-09-03 12:04:35,548 - INFO - 🚀 启动增强训练系统
2025-09-03 12:04:35,548 - INFO - 🚀==================================================
2025-09-03 12:04:35,548 - INFO - 📊 训练时间预估
2025-09-03 12:04:35,548 - INFO - ⚡ 模型: YOLOv8s
2025-09-03 12:04:35,548 - INFO - 🖥️ 设备: MPS
2025-09-03 12:04:35,548 - INFO - 📈 预估轮数: 40 (early stop)
2025-09-03 12:04:35,548 - INFO - ⏱️ 预估时间: 6.0分钟
2025-09-03 12:04:35,548 - INFO - 💾 配置已保存: /Users/zhaoye/Desktop/1956_TI_Dataset/models/enhanced_train_config_yolov8s.json
2025-09-03 12:04:35,685 - INFO - 🎯 模型: yolov8s.pt
2025-09-03 12:04:35,685 - INFO - ⏰ 超时设置: 30.0分钟
2025-09-03 12:04:35,685 - INFO - 🛑 Early Stop: 15轮无改善自动停止
2025-09-03 12:04:35,685 - INFO - 🏁 开始训练...
2025-09-03 12:10:56,721 - INFO - 📋 最终报告已生成: /Users/zhaoye/Desktop/1956_TI_Dataset/results/enhanced_training_report_20250903_121056.json
2025-09-03 12:10:56,758 - INFO - 用户中断训练
2025-09-03 12:16:26,217 - INFO - 🖥️ 计算设备: Apple M2 MPS GPU
2025-09-03 12:16:26,217 - INFO - 🚀==================================================
2025-09-03 12:16:26,217 - INFO - 🚀 启动增强训练系统
2025-09-03 12:16:26,217 - INFO - 🚀==================================================
2025-09-03 12:16:26,217 - INFO - 📊 训练时间预估
2025-09-03 12:16:26,217 - INFO - ⚡ 模型: YOLOv8s
2025-09-03 12:16:26,217 - INFO - 🖥️ 设备: MPS
2025-09-03 12:16:26,217 - INFO - 📈 预估轮数: 40 (early stop)
2025-09-03 12:16:26,217 - INFO - ⏱️ 预估时间: 6.0分钟
2025-09-03 12:16:26,219 - INFO - 💾 配置已保存: /Users/zhaoye/Desktop/1956_TI_Dataset/models/enhanced_train_config_yolov8s.json
2025-09-03 12:16:28,931 - INFO - 🎯 模型: yolov8s.pt
2025-09-03 12:16:28,931 - INFO - ⏰ 超时设置: 30.0分钟
2025-09-03 12:16:28,931 - INFO - 🛑 Early Stop: 15轮无改善自动停止
2025-09-03 12:16:28,931 - INFO - 🏁 开始训练...
2025-09-03 12:22:55,915 - INFO - 🖥️ 计算设备: Apple M2 MPS GPU
2025-09-03 12:22:55,916 - INFO - 🚀==================================================
2025-09-03 12:22:55,916 - INFO - 🚀 启动增强训练系统
2025-09-03 12:22:55,916 - INFO - 🚀==================================================
2025-09-03 12:22:55,916 - INFO - 📊 训练时间预估
2025-09-03 12:22:55,916 - INFO - ⚡ 模型: YOLOv8s
2025-09-03 12:22:55,916 - INFO - 🖥️ 设备: MPS
2025-09-03 12:22:55,916 - INFO - 📈 预估轮数: 40 (early stop)
2025-09-03 12:22:55,916 - INFO - ⏱️ 预估时间: 6.0分钟
2025-09-03 12:22:55,917 - INFO - 💾 配置已保存: /Users/zhaoye/Desktop/1956_TI_Dataset/models/enhanced_train_config_yolov8s.json
2025-09-03 12:22:55,988 - INFO - 🎯 模型: yolov8s.pt
2025-09-03 12:22:55,988 - INFO - ⏰ 超时设置: 30.0分钟
2025-09-03 12:22:55,988 - INFO - 🛑 Early Stop: 15轮无改善自动停止
2025-09-03 12:22:55,988 - INFO - 🏁 开始训练...
